Component: ARM Compiler 5.06 update 6 (build 750) Tool: armlink [4d35ed]

==============================================================================

Section Cross References

    startup_stm32f10x_hd.o(RESET) refers to startup_stm32f10x_hd.o(STACK) for __initial_sp
    startup_stm32f10x_hd.o(RESET) refers to startup_stm32f10x_hd.o(.text) for Reset_Handler
    startup_stm32f10x_hd.o(RESET) refers to stm32f10x_it.o(.text) for NMI_Handler
    startup_stm32f10x_hd.o(RESET) refers to port.o(.emb_text) for SVC_Handler
    startup_stm32f10x_hd.o(.text) refers to system_stm32f10x.o(.text) for SystemInit
    startup_stm32f10x_hd.o(.text) refers to entry.o(.ARM.Collect$$$$00000000) for __main
    system_stm32f10x.o(.text) refers to system_stm32f10x.o(.data) for .data
    stm32f10x_adc.o(.text) refers to stm32f10x_rcc.o(.text) for RCC_APB2PeriphResetCmd
    stm32f10x_bkp.o(.text) refers to stm32f10x_rcc.o(.text) for RCC_BackupResetCmd
    stm32f10x_can.o(.text) refers to stm32f10x_rcc.o(.text) for RCC_APB1PeriphResetCmd
    stm32f10x_cec.o(.text) refers to stm32f10x_rcc.o(.text) for RCC_APB1PeriphResetCmd
    stm32f10x_dac.o(.text) refers to stm32f10x_rcc.o(.text) for RCC_APB1PeriphResetCmd
    stm32f10x_gpio.o(.text) refers to stm32f10x_rcc.o(.text) for RCC_APB2PeriphResetCmd
    stm32f10x_i2c.o(.text) refers to stm32f10x_rcc.o(.text) for RCC_APB1PeriphResetCmd
    stm32f10x_pwr.o(.text) refers to stm32f10x_rcc.o(.text) for RCC_APB1PeriphResetCmd
    stm32f10x_rcc.o(.text) refers to stm32f10x_rcc.o(.data) for .data
    stm32f10x_spi.o(.text) refers to stm32f10x_rcc.o(.text) for RCC_APB2PeriphResetCmd
    stm32f10x_tim.o(.text) refers to stm32f10x_rcc.o(.text) for RCC_APB1PeriphResetCmd
    stm32f10x_usart.o(.text) refers to stm32f10x_rcc.o(.text) for RCC_APB2PeriphResetCmd
    stm32f10x_wwdg.o(.text) refers to stm32f10x_rcc.o(.text) for RCC_APB1PeriphResetCmd
    main.o(.text) refers to tasks.o(.text) for vTaskDelay
    main.o(.text) refers to dfltui.o(.text) for __aeabi_ui2d
    main.o(.text) refers to sqrt.o(i.sqrt) for sqrt
    main.o(.text) refers to dfixui.o(.text) for __aeabi_d2uiz
    main.o(.text) refers to ffltui.o(.text) for __aeabi_ui2f
    main.o(.text) refers to fdiv.o(.text) for __aeabi_fdiv
    main.o(.text) refers to queue.o(.text) for xQueueGenericSend
    main.o(.text) refers to bsp_key.o(.text) for Key_Scan
    main.o(.text) refers to printfa.o(i.__0printf) for __2printf
    main.o(.text) refers to bsp_ili9341_lcd.o(.text) for LCD_GetFont
    main.o(.text) refers to ff.o(.text) for f_mount
    main.o(.text) refers to f2d.o(.text) for __aeabi_f2d
    main.o(.text) refers to printfa.o(i.__0sprintf) for __2sprintf
    main.o(.text) refers to port.o(.text) for vPortEnterCritical
    main.o(.text) refers to misc.o(.text) for NVIC_PriorityGroupConfig
    main.o(.text) refers to bsp_led.o(.text) for LED_GPIO_Config
    main.o(.text) refers to bsp_usart.o(.text) for USART_Config
    main.o(.text) refers to bsp_adc.o(.text) for ADCx_Init
    main.o(.text) refers to bsp_beep.o(.text) for BEEP_GPIO_Config
    main.o(.text) refers to main.o(.data) for .data
    main.o(.text) refers to bsp_adc.o(.data) for ADC_ConvertedValue
    main.o(.text) refers to main.o(.bss) for .bss
    main.o(.text) refers to fonts.o(.data) for Font8x16
    main.o(.text) refers to bsp_ili9341_lcd.o(.data) for LCD_Y_LENGTH
    stm32f10x_it.o(.text) refers to tasks.o(.text) for xTaskGetSchedulerState
    stm32f10x_it.o(.text) refers to port.o(.text) for xPortSysTickHandler
    stm32f10x_it.o(.text) refers to bsp_sdio_sdcard.o(.text) for SD_ProcessIRQSrc
    bsp_led.o(.text) refers to stm32f10x_rcc.o(.text) for RCC_APB2PeriphClockCmd
    bsp_led.o(.text) refers to stm32f10x_gpio.o(.text) for GPIO_Init
    bsp_usart.o(.text) refers to stm32f10x_rcc.o(.text) for RCC_APB2PeriphClockCmd
    bsp_usart.o(.text) refers to stm32f10x_gpio.o(.text) for GPIO_Init
    bsp_usart.o(.text) refers to stm32f10x_usart.o(.text) for USART_Init
    bsp_usart.o(.text) refers to misc.o(.text) for NVIC_PriorityGroupConfig
    bsp_key.o(.text) refers to stm32f10x_rcc.o(.text) for RCC_APB2PeriphClockCmd
    bsp_key.o(.text) refers to stm32f10x_gpio.o(.text) for GPIO_Init
    bsp_sdio_sdcard.o(.text) refers to stm32f10x_sdio.o(.text) for SDIO_ClockCmd
    bsp_sdio_sdcard.o(.text) refers to stm32f10x_rcc.o(.text) for RCC_AHBPeriphClockCmd
    bsp_sdio_sdcard.o(.text) refers to stm32f10x_gpio.o(.text) for GPIO_Init
    bsp_sdio_sdcard.o(.text) refers to stm32f10x_dma.o(.text) for DMA_ClearFlag
    bsp_sdio_sdcard.o(.text) refers to bsp_sdio_sdcard.o(.bss) for .bss
    bsp_sdio_sdcard.o(.text) refers to bsp_sdio_sdcard.o(.data) for .data
    bsp_sdio_sdcard.o(.text) refers to misc.o(.text) for NVIC_PriorityGroupConfig
    bsp_adc.o(.text) refers to stm32f10x_rcc.o(.text) for RCC_AHBPeriphClockCmd
    bsp_adc.o(.text) refers to stm32f10x_dma.o(.text) for DMA_DeInit
    bsp_adc.o(.text) refers to stm32f10x_adc.o(.text) for ADC_Init
[...]
    .text                                    0x08003a70   Section        0  fonts.o(.text)
    .text                                    0x08003abc   Section        0  bsp_ili9341_lcd.o(.text)
    ILI9341_GPIO_Config                      0x08003abd   Thumb Code   358  bsp_ili9341_lcd.o(.text)
    ILI9341_REG_Config                       0x08003c23   Thumb Code   368  bsp_ili9341_lcd.o(.text)
    ILI9341_Delay                            0x080047c5   Thumb Code    16  bsp_ili9341_lcd.o(.text)
    ILI9341_FSMC_Config                      0x080047d5   Thumb Code    88  bsp_ili9341_lcd.o(.text)
    ILI9341_SetCursor                        0x0800482d   Thumb Code     8  bsp_ili9341_lcd.o(.text)
    ILI9341_FillColor                        0x08004835   Thumb Code    24  bsp_ili9341_lcd.o(.text)
    .text                                    0x08004858   Section        0  diskio.o(.text)
    .text                                    0x080049ac   Section        0  ff.o(.text)
    sync_window                              0x080049ad   Thumb Code    82  ff.o(.text)
    move_window                              0x080049ff   Thumb Code    50  ff.o(.text)
    sync_fs                                  0x08004a31   Thumb Code   176  ff.o(.text)
    remove_chain                             0x08004cff   Thumb Code    96  ff.o(.text)
    create_chain                             0x08004d5f   Thumb Code   156  ff.o(.text)
    dir_sdi                                  0x08004dfb   Thumb Code   142  ff.o(.text)
    dir_next                                 0x08004e89   Thumb Code   248  ff.o(.text)
    dir_read                                 0x08004f81   Thumb Code    92  ff.o(.text)
    dir_register                             0x08004fdd   Thumb Code   112  ff.o(.text)
    dir_remove                               0x0800504d   Thumb Code    52  ff.o(.text)
    get_fileinfo                             0x08005081   Thumb Code    76  ff.o(.text)
    create_name                              0x080050cd   Thumb Code   232  ff.o(.text)
    follow_path                              0x080051b5   Thumb Code   170  ff.o(.text)
    get_ldnumber                             0x0800525f   Thumb Code    60  ff.o(.text)
    check_fs                                 0x0800529b   Thumb Code    86  ff.o(.text)
    find_volume                              0x080052f1   Thumb Code   632  ff.o(.text)
    validate                                 0x08005569   Thumb Code    34  ff.o(.text)
    putc_bfd                                 0x08006797   Thumb Code    58  ff.o(.text)
    mem_cpy                                  0x08006a3d   Thumb Code    16  ff.o(.text)
    mem_set                                  0x08006a4d   Thumb Code    14  ff.o(.text)
    ld_clust                                 0x08006a5b   Thumb Code    18  ff.o(.text)
    st_clust                                 0x08006a6d   Thumb Code    16  ff.o(.text)
    .text                                    0x08006a7c   Section        0  list.o(.text)
    .text                                    0x08006b04   Section        0  queue.o(.text)
    prvUnlockQueue                           0x08006bc9   Thumb Code   106  queue.o(.text)
    prvCopyDataToQueue                       0x08006c33   Thumb Code   108  queue.o(.text)
    prvCopyDataFromQueue                     0x08006f81   Thumb Code    38  queue.o(.text)
    prvIsQueueEmpty                          0x0800734d   Thumb Code    26  queue.o(.text)
    .text                                    0x08007370   Section        0  tasks.o(.text)
    prvAddNewTaskToReadyList                 0x08007371   Thumb Code   190  tasks.o(.text)
    prvAddCurrentTaskToDelayedList           0x0800768f   Thumb Code   102  tasks.o(.text)
    prvTaskIsTaskSuspended                   0x08007a43   Thumb Code    48  tasks.o(.text)
    prvIdleTask                              0x08007b65   Thumb Code    30  tasks.o(.text)
    prvInitialiseNewTask                     0x080082ef   Thumb Code   140  tasks.o(.text)
    prvResetNextTaskUnblockTime              0x0800837b   Thumb Code    26  tasks.o(.text)
    prvDeleteTCB                             0x08008395   Thumb Code    20  tasks.o(.text)
    prvCheckTasksWaitingTermination          0x080083a9   Thumb Code   136  tasks.o(.text)
    .text                                    0x08008430   Section        0  heap_4.o(.text)
    prvInsertBlockIntoFreeList               0x08008431   Thumb Code    72  heap_4.o(.text)
    prvHeapInit                              0x080085c1   Thumb Code    66  heap_4.o(.text)
    .text                                    0x08008644   Section        0  port.o(.text)
    prvTaskExitError                         0x08008645   Thumb Code    34  port.o(.text)
    .text                                    0x08008838   Section        0  uldiv.o(.text)
    .text                                    0x0800889a   Section        0  memcpya.o(.text)
    .text                                    0x080088be   Section        0  fdiv.o(.text)
    .text                                    0x0800893a   Section        0  ffltui.o(.text)
    .text                                    0x08008944   Section        0  dfltui.o(.text)
    .text                                    0x0800895e   Section        0  dfixui.o(.text)
    .text                                    0x08008990   Section        0  f2d.o(.text)
    .text                                    0x080089b6   Section        0  uidiv.o(.text)
    .text                                    0x080089e2   Section        0  llshl.o(.text)
    .text                                    0x08008a00   Section        0  llushr.o(.text)
    .text                                    0x08008a20   Section        0  fepilogue.o(.text)
    .text                                    0x08008a20   Section        0  iusefp.o(.text)
    .text                                    0x08008a8e   Section        0  depilogue.o(.text)
    .text                                    0x08008b48   Section        0  dadd.o(.text)
    .text                                    0x08008c96   Section        0  dmul.o(.text)
    .text                                    0x08008d7a   Section        0  ddiv.o(.text)
    .text                                    0x08008e58   Section        0  dsqrt.o(.text)
    .text                                    0x08008efa   Section        0  dfixul.o(.text)
    .text                                    0x08008f2c   Section       48  cdrcmple.o(.text)
    .text                                    0x08008f5c   Section       36  init.o(.text)
    .text                                    0x08008f80   Section        0  llsshr.o(.text)
    i.__0printf                              0x08008fa4   Section        0  printfa.o(i.__0printf)
    i.__0sprintf                             0x08008fc4   Section        0  printfa.o(i.__0sprintf)
    i.__scatterload_copy                     0x08008fec   Section       14  handlers.o(i.__scatterload_copy)
    i.__scatterload_null                     0x08008ffa   Section        2  handlers.o(i.__scatterload_null)
    i.__scatterload_zeroinit                 0x08008ffc   Section       14  handlers.o(i.__scatterload_zeroinit)
    i.__set_errno                            0x0800900c   Section        0  errno.o(i.__set_errno)
    i._fp_digits                             0x08009018   Section        0  printfa.o(i._fp_digits)
    _fp_digits                               0x08009019   Thumb Code   366  printfa.o(i._fp_digits)
    i._printf_core                           0x0800919c   Section        0  printfa.o(i._printf_core)
    _printf_core                             0x0800919d   Thumb Code  1744  printfa.o(i._printf_core)
    i._printf_post_padding                   0x08009878   Section        0  printfa.o(i._printf_post_padding)
    _printf_post_padding                     0x08009879   Thumb Code    36  printfa.o(i._printf_post_padding)
    i._printf_pre_padding                    0x0800989c   Section        0  printfa.o(i._printf_pre_padding)
    _printf_pre_padding                      0x0800989d   Thumb Code    46  printfa.o(i._printf_pre_padding)
    i._sputc                                 0x080098ca   Section        0  printfa.o(i._sputc)
    _sputc                                   0x080098cb   Thumb Code    10  printfa.o(i._sputc)
    i.sqrt                                   0x080098d4   Section        0  sqrt.o(i.sqrt)
    .constdata                               0x08009920   Section     1520  fonts.o(.constdata)
    .constdata                               0x08009f10   Section     4560  fonts.o(.constdata)
    .constdata                               0x0800b0e0   Section      172  ff.o(.constdata)
    ExCvt                                    0x0800b0e0   Data         128  ff.o(.constdata)
    vst                                      0x0800b160   Data          22  ff.o(.constdata)
    cst                                      0x0800b176   Data          22  ff.o(.constdata)
    .data                                    0x20000000   Section       20  system_stm32f10x.o(.data)
    .data                                    0x20000014   Section       20  stm32f10x_rcc.o(.data)
    ADCPrescTable                            0x20000014   Data           4  stm32f10x_rcc.o(.data)
    APBAHBPrescTable                         0x20000018   Data          16  stm32f10x_rcc.o(.data)
    .data                                    0x20000028   Section       60  main.o(.data)
    AppTaskCreate_Handle                     0x2000002c   Data           4  main.o(.data)
    Test_Task_Handle                         0x20000030   Data           4  main.o(.data)
    Alarm_Task_Handle                        0x20000034   Data           4  main.o(.data)
    KEY_Task_Handle                          0x20000038   Data           4  main.o(.data)
    ADC_Task_Handle                          0x2000003c   Data           4  main.o(.data)
    Time_Task_Handle                         0x20000040   Data           4  main.o(.data)
    .data                                    0x20000064   Section       20  bsp_sdio_sdcard.o(.data)
    CardType                                 0x20000068   Data           4  bsp_sdio_sdcard.o(.data)
    RCA                                      0x2000006c   Data           4  bsp_sdio_sdcard.o(.data)
    .data                                    0x20000078   Section        2  bsp_adc.o(.data)
    .data                                    0x2000007c   Section        4  bsp_spi_flash.o(.data)
    SPITimeout                               0x2000007c   Data           4  bsp_spi_flash.o(.data)
    .data                                    0x20000080   Section        8  fonts.o(.data)
    .data                                    0x20000088   Section        8  fonts.o(.data)
    .data                                    0x20000090   Section        1  fonts.o(.data)
    everRead                                 0x20000090   Data           1  fonts.o(.data)
    .data                                    0x20000094   Section       16  bsp_ili9341_lcd.o(.data)
    CurrentTextColor                         0x2000009a   Data           2  bsp_ili9341_lcd.o(.data)
    CurrentBackColor                         0x2000009c   Data           2  bsp_ili9341_lcd.o(.data)
    LCD_Currentfonts                         0x200000a0   Data           4  bsp_ili9341_lcd.o(.data)
    .data                                    0x200000a4   Section       12  ff.o(.data)
    Fsid                                     0x200000a4   Data           2  ff.o(.data)
    FatFs                                    0x200000a8   Data           8  ff.o(.data)
    .data                                    0x200000b0   Section       60  tasks.o(.data)
    uxDeletedTasksWaitingCleanUp             0x200000b4   Data           4  tasks.o(.data)
    uxCurrentNumberOfTasks                   0x200000b8   Data           4  tasks.o(.data)
    xTickCount                               0x200000bc   Data           4  tasks.o(.data)
    uxTopReadyPriority                       0x200000c0   Data           4  tasks.o(.data)
    xSchedulerRunning                        0x200000c4   Data           4  tasks.o(.data)
    uxPendedTicks                            0x200000c8   Data           4  tasks.o(.data)
    xYieldPending                            0x200000cc   Data           4  tasks.o(.data)
    xNumOfOverflows                          0x200000d0   Data           4  tasks.o(.data)
    uxTaskNumber                             0x200000d4   Data           4  tasks.o(.data)
    xNextTaskUnblockTime                     0x200000d8   Data           4  tasks.o(.data)
    xIdleTaskHandle                          0x200000dc   Data           4  tasks.o(.data)
    uxSchedulerSuspended                     0x200000e0   Data           4  tasks.o(.data)
    pxDelayedTaskList                        0x200000e4   Data           4  tasks.o(.data)
    pxOverflowDelayedTaskList                0x200000e8   Data           4  tasks.o(.data)
    .data                                    0x200000ec   Section       24  heap_4.o(.data)
    pxEnd                                    0x200000ec   Data           4  heap_4.o(.data)
    xFreeBytesRemaining                      0x200000f0   Data           4  heap_4.o(.data)
    xMinimumEverFreeBytesRemaining           0x200000f4   Data           4  heap_4.o(.data)
    xBlockAllocatedBit                       0x200000f8   Data           4  heap_4.o(.data)
    xStart                                   0x200000fc   Data           8  heap_4.o(.data)
    .data                                    0x20000104   Section       12  port.o(.data)
    ucMaxSysCallPriority                     0x20000104   Data           1  port.o(.data)
    uxCriticalNesting                        0x20000108   Data           4  port.o(.data)
    ulMaxPRIGROUPValue                       0x2000010c   Data           4  port.o(.data)
    .data                                    0x20000110   Section        4  stdout.o(.data)
    .data                                    0x20000114   Section        4  errno.o(.data)
    _errno                                   0x20000114   Data           4  errno.o(.data)
    .bss                                     0x20000118   Section     9196  main.o(.bss)
    dispBuff                                 0x2000216c   Data          50  main.o(.bss)
    Buff                                     0x2000219e   Data          50  main.o(.bss)
    Time                                     0x200024f0   Data          20  main.o(.bss)
    .bss                                     0x20002508   Section      204  bsp_sdio_sdcard.o(.bss)
    CSD_Tab                                  0x20002508   Data          16  bsp_sdio_sdcard.o(.bss)
    CID_Tab                                  0x20002518   Data          16  bsp_sdio_sdcard.o(.bss)
    SDSTATUS_Tab                             0x20002528   Data          16  bsp_sdio_sdcard.o(.bss)
    .bss                                     0x200025d4   Section    17408  bsp_ili9341_lcd.o(.bss)
    .bss                                     0x200069d4   Section       80  queue.o(.bss)
    .bss                                     0x20006a24   Section      740  tasks.o(.bss)
    pxReadyTasksLists                        0x20006a24   Data         640  tasks.o(.bss)
    xDelayedTaskList1                        0x20006ca4   Data          20  tasks.o(.bss)
    xDelayedTaskList2                        0x20006cb8   Data          20  tasks.o(.bss)
    xPendingReadyList                        0x20006ccc   Data          20  tasks.o(.bss)
    xTasksWaitingTermination                 0x20006ce0   Data          20  tasks.o(.bss)
    xSuspendedTaskList                       0x20006cf4   Data          20  tasks.o(.bss)
    .bss                                     0x20006d08   Section    36864  heap_4.o(.bss)
    ucHeap                                   0x20006d08   Data       36864  heap_4.o(.bss)
    STACK                                    0x2000fd08   Section      512  startup_stm32f10x_hd.o(STACK)

    Global Symbols

    Symbol Name                              Value     Ov Type        Size  Object(Section)

    BuildAttributes$$THM_ISAv4$P$D$K$B$S$PE$A:L22UL41UL21$X:L11$S22US41US21$IEEE1$IW$USESV6$~STKCKD$USESV7$~SHL$OTIME$ROPI$IEEEJ$EBA8$MICROLIB$REQ8$PRES8$EABIv2 0x00000000   Number         0  anon$$obj.o ABSOLUTE
    __ARM_use_no_argv                        0x00000000   Number         0  main.o ABSOLUTE
    _printf_a                                0x00000000   Number         0  stubs.o ABSOLUTE
    _printf_c                                0x00000000   Number         0  stubs.o ABSOLUTE
    _printf_charcount                        0x00000000   Number         0  stubs.o ABSOLUTE
    _printf_d                                0x00000000   Number         0  stubs.o ABSOLUTE
    _printf_e                                0x00000000   Number         0  stubs.o ABSOLUTE
    _printf_f                                0x00000000   Number         0  stubs.o ABSOLUTE
    _printf_flags                            0x00000000   Number         0  stubs.o ABSOLUTE
    _printf_fp_dec                           0x00000000   Number         0  stubs.o ABSOLUTE
    _printf_fp_hex                           0x00000000   Number         0  stubs.o ABSOLUTE
    _printf_g                                0x00000000   Number         0  stubs.o ABSOLUTE
    _printf_i                                0x00000000   Number         0  stubs.o ABSOLUTE
    _printf_int_dec                          0x00000000   Number         0  stubs.o ABSOLUTE
    _printf_l                                0x00000000   Number         0  stubs.o ABSOLUTE
    _printf_lc                               0x00000000   Number         0  stubs.o ABSOLUTE
    _printf_ll                               0x00000000   Number         0  stubs.o ABSOLUTE
    _printf_lld                              0x00000000   Number         0  stubs.o ABSOLUTE
    _printf_lli                              0x00000000   Number         0  stubs.o ABSOLUTE
    _printf_llo                              0x00000000   Number         0  stubs.o ABSOLUTE
    _printf_llu                              0x00000000   Number         0  stubs.o ABSOLUTE
    _printf_llx                              0x00000000   Number         0  stubs.o ABSOLUTE
    _printf_longlong_dec                     0x00000000   Number         0  stubs.o ABSOLUTE
    _printf_longlong_hex                     0x00000000   Number         0  stubs.o ABSOLUTE
    _printf_longlong_oct                     0x00000000   Number         0  stubs.o ABSOLUTE
    _printf_ls                               0x00000000   Number         0  stubs.o ABSOLUTE
    _printf_mbtowc                           0x00000000   Number         0  stubs.o ABSOLUTE
    _printf_n                                0x00000000   Number         0  stubs.o ABSOLUTE
    _printf_o                                0x00000000   Number         0  stubs.o ABSOLUTE
    _printf_p                                0x00000000   Number         0  stubs.o ABSOLUTE
    _printf_percent                          0x00000000   Number         0  stubs.o ABSOLUTE
    _printf_pre_padding                      0x00000000   Number         0  stubs.o ABSOLUTE
    _printf_return_value                     0x00000000   Number         0  stubs.o ABSOLUTE
    _printf_s                                0x00000000   Number         0  stubs.o ABSOLUTE
    _printf_sizespec                         0x00000000   Number         0  stubs.o ABSOLUTE
    _printf_str                              0x00000000   Number         0  stubs.o ABSOLUTE
    _printf_truncate_signed                  0x00000000   Number         0  stubs.o ABSOLUTE
    _printf_truncate_unsigned                0x00000000   Number         0  stubs.o ABSOLUTE
    _printf_u                                0x00000000   Number         0  stubs.o ABSOLUTE
    _printf_wc                               0x00000000   Number         0  stubs.o ABSOLUTE
    _printf_wctomb                           0x00000000   Number         0  stubs.o ABSOLUTE
    _printf_widthprec                        0x00000000   Number         0  stubs.o ABSOLUTE
    _printf_x                                0x00000000   Number         0  stubs.o ABSOLUTE
    __cpp_initialize__aeabi_                  - Undefined Weak Reference
    __cxa_finalize                            - Undefined Weak Reference
    __decompress                              - Undefined Weak Reference
    _clock_init                               - Undefined Weak Reference
    _microlib_exit                            - Undefined Weak Reference
    __Vectors_Size                           0x00000130   Number         0  startup_stm32f10x_hd.o ABSOLUTE
    __Vectors                                0x08000000   Data           4  startup_stm32f10x_hd.o(RESET)
    __Vectors_End                            0x08000130   Data           0  startup_stm32f10x_hd.o(RESET)
    __main                                   0x08000131   Thumb Code     0  entry.o(.ARM.Collect$$$$00000000)
    _main_stk                                0x08000131   Thumb Code     0  entry2.o(.ARM.Collect$$$$00000001)
    _main_scatterload                        0x08000135   Thumb Code     0  entry5.o(.ARM.Collect$$$$00000004)
    __main_after_scatterload                 0x08000139   Thumb Code     0  entry5.o(.ARM.Collect$$$$00000004)
    _main_clock                              0x08000139   Thumb Code     0  entry7b.o(.ARM.Collect$$$$00000008)
    _main_cpp_init                           0x08000139   Thumb Code     0  entry8b.o(.ARM.Collect$$$$0000000A)
    _main_init                               0x08000139   Thumb Code     0  entry9a.o(.ARM.Collect$$$$0000000B)
    __rt_final_cpp                           0x08000141   Thumb Code     0  entry10a.o(.ARM.Collect$$$$0000000D)
    __rt_final_exit                          0x08000141   Thumb Code     0  entry11a.o(.ARM.Collect$$$$0000000F)
    SVC_Handler                              0x08000145   Thumb Code    32  port.o(.emb_text)
    __asm___6_port_c_39a90d8d__prvStartFirstTask 0x08000169   Thumb Code    28  port.o(.emb_text)
    PendSV_Handler                           0x08000189   Thumb Code    72  port.o(.emb_text)
    vPortGetIPSR                             0x080001d5   Thumb Code     6  port.o(.emb_text)
    Reset_Handler                            0x080001dd   Thumb Code     8  startup_stm32f10x_hd.o(.text)
    ADC1_2_IRQHandler                        0x080001f7   Thumb Code     0  startup_stm32f10x_hd.o(.text)
    ADC3_IRQHandler                          0x080001f7   Thumb Code     0  startup_stm32f10x_hd.o(.text)
    CAN1_RX1_IRQHandler                      0x080001f7   Thumb Code     0  startup_stm32f10x_hd.o(.text)
    CAN1_SCE_IRQHandler                      0x080001f7   Thumb Code     0  startup_stm32f10x_hd.o(.text)
    DMA1_Channel1_IRQHandler                 0x080001f7   Thumb Code     0  startup_stm32f10x_hd.o(.text)
    DMA1_Channel2_IRQHandler                 0x080001f7   Thumb Code     0  startup_stm32f10x_hd.o(.text)
    DMA1_Channel3_IRQHandler                 0x080001f7   Thumb Code     0  startup_stm32f10x_hd.o(.text)
    DMA1_Channel4_IRQHandler                 0x080001f7   Thumb Code     0  startup_stm32f10x_hd.o(.text)
    DMA1_Channel5_IRQHandler                 0x080001f7   Thumb Code     0  startup_stm32f10x_hd.o(.text)
    DMA1_Channel6_IRQHandler                 0x080001f7   Thumb Code     0  startup_stm32f10x_hd.o(.text)
    DMA1_Channel7_IRQHandler                 0x080001f7   Thumb Code     0  startup_stm32f10x_hd.o(.text)
    DMA2_Channel1_IRQHandler                 0x080001f7   Thumb Code     0  startup_stm32f10x_hd.o(.text)
    DMA2_Channel2_IRQHandler                 0x080001f7   Thumb Code     0  startup_stm32f10x_hd.o(.text)
    DMA2_Channel3_IRQHandler                 0x080001f7   Thumb Code     0  startup_stm32f10x_hd.o(.text)
    DMA2_Channel4_5_IRQHandler               0x080001f7   Thumb Code     0  startup_stm32f10x_hd.o(.text)
    EXTI0_IRQHandler                         0x080001f7   Thumb Code     0  startup_stm32f10x_hd.o(.text)
    EXTI15_10_IRQHandler                     0x080001f7   Thumb Code     0  startup_stm32f10x_hd.o(.text)
    EXTI1_IRQHandler                         0x080001f7   Thumb Code     0  startup_stm32f10x_hd.o(.text)
    EXTI2_IRQHandler                         0x080001f7   Thumb Code     0  startup_stm32f10x_hd.o(.text)
    EXTI3_IRQHandler                         0x080001f7   Thumb Code     0  startup_stm32f10x_hd.o(.text)
    EXTI4_IRQHandler                         0x080001f7   Thumb Code     0  startup_stm32f10x_hd.o(.text)
    EXTI9_5_IRQHandler                       0x080001f7   Thumb Code     0  startup_stm32f10x_hd.o(.text)
    FLASH_IRQHandler                         0x080001f7   Thumb Code     0  startup_stm32f10x_hd.o(.text)
    FSMC_IRQHandler                          0x080001f7   Thumb Code     0  startup_stm32f10x_hd.o(.text)
    I2C1_ER_IRQHandler                       0x080001f7   Thumb Code     0  startup_stm32f10x_hd.o(.text)
    I2C1_EV_IRQHandler                       0x080001f7   Thumb Code     0  startup_stm32f10x_hd.o(.text)
    I2C2_ER_IRQHandler                       0x080001f7   Thumb Code     0  startup_stm32f10x_hd.o(.text)
    I2C2_EV_IRQHandler                       0x080001f7   Thumb Code     0  startup_stm32f10x_hd.o(.text)
    PVD_IRQHandler                           0x080001f7   Thumb Code     0  startup_stm32f10x_hd.o(.text)
    RCC_IRQHandler                           0x080001f7   Thumb Code     0  startup_stm32f10x_hd.o(.text)
    RTCAlarm_IRQHandler                      0x080001f7   Thumb Code     0  startup_stm32f10x_hd.o(.text)
    RTC_IRQHandler                           0x080001f7   Thumb Code     0  startup_stm32f10x_hd.o(.text)
    SPI1_IRQHandler                          0x080001f7   Thumb Code     0  startup_stm32f10x_hd.o(.text)
    SPI2_IRQHandler                          0x080001f7   Thumb Code     0  startup_stm32f10x_hd.o(.text)
    SPI3_IRQHandler                          0x080001f7   Thumb Code     0  startup_stm32f10x_hd.o(.text)
    TAMPER_IRQHandler                        0x080001f7   Thumb Code     0  startup_stm32f10x_hd.o(.text)
    TIM1_BRK_IRQHandler                      0x080001f7   Thumb Code     0  startup_stm32f10x_hd.o(.text)
    TIM1_CC_IRQHandler                       0x080001f7   Thumb Code     0  startup_stm32f10x_hd.o(.text)
    TIM1_TRG_COM_IRQHandler                  0x080001f7   Thumb Code     0  startup_stm32f10x_hd.o(.text)
    TIM1_UP_IRQHandler                       0x080001f7   Thumb Code     0  startup_stm32f10x_hd.o(.text)
    TIM2_IRQHandler                          0x080001f7   Thumb Code     0  startup_stm32f10x_hd.o(.text)
    TIM3_IRQHandler                          0x080001f7   Thumb Code     0  startup_stm32f10x_hd.o(.text)
    TIM4_IRQHandler                          0x080001f7   Thumb Code     0  startup_stm32f10x_hd.o(.text)
    TIM5_IRQHandler                          0x080001f7   Thumb Code     0  startup_stm32f10x_hd.o(.text)
    TIM6_IRQHandler                          0x080001f7   Thumb Code     0  startup_stm32f10x_hd.o(.text)
    TIM7_IRQHandler                          0x080001f7   Thumb Code     0  startup_stm32f10x_hd.o(.text)
    TIM8_BRK_IRQHandler                      0x080001f7   Thumb Code     0  startup_stm32f10x_hd.o(.text)
    TIM8_CC_IRQHandler                       0x080001f7   Thumb Code     0  startup_stm32f10x_hd.o(.text)
    TIM8_TRG_COM_IRQHandler                  0x080001f7   Thumb Code     0  startup_stm32f10x_hd.o(.text)
    TIM8_UP_IRQHandler                       0x080001f7   Thumb Code     0  startup_stm32f10x_hd.o(.text)
    UART4_IRQHandler                         0x080001f7   Thumb Code     0  startup_stm32f10x_hd.o(.text)
    UART5_IRQHandler                         0x080001f7   Thumb Code     0  startup_stm32f10x_hd.o(.text)
    USART1_IRQHandler                        0x080001f7   Thumb Code     0  startup_stm32f10x_hd.o(.text)
    USART2_IRQHandler                        0x080001f7   Thumb Code     0  startup_stm32f10x_hd.o(.text)
    USART3_IRQHandler                        0x080001f7   Thumb Code     0  startup_stm32f10x_hd.o(.text)
    USBWakeUp_IRQHandler                     0x080001f7   Thumb Code     0  startup_stm32f10x_hd.o(.text)
    USB_HP_CAN1_TX_IRQHandler                0x080001f7   Thumb Code     0  startup_stm32f10x_hd.o(.text)
    USB_LP_CAN1_RX0_IRQHandler               0x080001f7   Thumb Code     0  startup_stm32f10x_hd.o(.text)
    WWDG_IRQHandler                          0x080001f7   Thumb Code     0  startup_stm32f10x_hd.o(.text)
    SystemInit                               0x080002a1   Thumb Code    64  system_stm32f10x.o(.text)
    SystemCoreClockUpdate                    0x080002e1   Thumb Code    86  system_stm32f10x.o(.text)
    NVIC_PriorityGroupConfig                 0x08000359   Thumb Code    10  misc.o(.text)
    NVIC_Init                                0x08000363   Thumb Code    94  misc.o(.text)
    NVIC_SetVectorTable                      0x080003c1   Thumb Code    14  misc.o(.text)
    NVIC_SystemLPConfig                      0x080003cf   Thumb Code    20  misc.o(.text)
    SysTick_CLKSourceConfig                  0x080003e3   Thumb Code    24  misc.o(.text)
    ADC_DeInit                               0x08000409   Thumb Code    56  stm32f10x_adc.o(.text)
    ADC_Init                                 0x08000441   Thumb Code    62  stm32f10x_adc.o(.text)
    ADC_StructInit                           0x0800047f   Thumb Code    18  stm32f10x_adc.o(.text)
    ADC_Cmd                                  0x08000491   Thumb Code    20  stm32f10x_adc.o(.text)
    ADC_DMACmd                               0x080004a5   Thumb Code    20  stm32f10x_adc.o(.text)
    ADC_ITConfig                             0x080004b9   Thumb Code    18  stm32f10x_adc.o(.text)
    ADC_ResetCalibration                     0x080004cb   Thumb Code    10  stm32f10x_adc.o(.text)
    ADC_GetResetCalibrationStatus            0x080004d5   Thumb Code    14  stm32f10x_adc.o(.text)
    ADC_StartCalibration                     0x080004e3   Thumb Code    10  stm32f10x_adc.o(.text)
    ADC_GetCalibrationStatus                 0x080004ed   Thumb Code    14  stm32f10x_adc.o(.text)
    ADC_SoftwareStartConvCmd                 0x080004fb   Thumb Code    20  stm32f10x_adc.o(.text)
    ADC_GetSoftwareStartConvStatus           0x0800050f   Thumb Code    14  stm32f10x_adc.o(.text)
    ADC_DiscModeChannelCountConfig           0x0800051d   Thumb Code    16  stm32f10x_adc.o(.text)
    ADC_DiscModeCmd                          0x0800052d   Thumb Code    20  stm32f10x_adc.o(.text)
    ADC_RegularChannelConfig                 0x08000541   Thumb Code   116  stm32f10x_adc.o(.text)
    ADC_ExternalTrigConvCmd                  0x080005b5   Thumb Code    20  stm32f10x_adc.o(.text)
    ADC_GetConversionValue                   0x080005c9   Thumb Code     6  stm32f10x_adc.o(.text)
    ADC_GetDualModeConversionValue           0x080005cf   Thumb Code     8  stm32f10x_adc.o(.text)
    ADC_AutoInjectedConvCmd                  0x080005d7   Thumb Code    20  stm32f10x_adc.o(.text)
    ADC_InjectedDiscModeCmd                  0x080005eb   Thumb Code    20  stm32f10x_adc.o(.text)
    ADC_ExternalTrigInjectedConvConfig       0x080005ff   Thumb Code    12  stm32f10x_adc.o(.text)
    ADC_ExternalTrigInjectedConvCmd          0x0800060b   Thumb Code    20  stm32f10x_adc.o(.text)
    ADC_SoftwareStartInjectedConvCmd         0x0800061f   Thumb Code    20  stm32f10x_adc.o(.text)
    ADC_GetSoftwareStartInjectedConvCmdStatus 0x08000633   Thumb Code    14  stm32f10x_adc.o(.text)
    ADC_InjectedChannelConfig                0x08000641   Thumb Code    74  stm32f10x_adc.o(.text)
    ADC_InjectedSequencerLengthConfig        0x0800068b   Thumb Code    16  stm32f10x_adc.o(.text)
    ADC_SetInjectedOffset                    0x0800069b   Thumb Code    10  stm32f10x_adc.o(.text)
    ADC_GetInjectedConversionValue           0x080006a5   Thumb Code    14  stm32f10x_adc.o(.text)
    ADC_AnalogWatchdogCmd                    0x080006b3   Thumb Code    12  stm32f10x_adc.o(.text)
    ADC_AnalogWatchdogThresholdsConfig       0x080006bf   Thumb Code     6  stm32f10x_adc.o(.text)
    ADC_AnalogWatchdogSingleChannelConfig    0x080006c5   Thumb Code    12  stm32f10x_adc.o(.text)
    ADC_TempSensorVrefintCmd                 0x080006d1   Thumb Code    24  stm32f10x_adc.o(.text)
    ADC_GetFlagStatus                        0x080006e9   Thumb Code    14  stm32f10x_adc.o(.text)
    ADC_ClearFlag                            0x080006f7   Thumb Code     6  stm32f10x_adc.o(.text)
    ADC_GetITStatus                          0x080006fd   Thumb Code    28  stm32f10x_adc.o(.text)
    ADC_ClearITPendingBit                    0x08000719   Thumb Code     8  stm32f10x_adc.o(.text)
    DMA_DeInit                               0x08000739   Thumb Code   218  stm32f10x_dma.o(.text)
    DMA_Init                                 0x08000813   Thumb Code    58  stm32f10x_dma.o(.text)
    DMA_StructInit                           0x0800084d   Thumb Code    26  stm32f10x_dma.o(.text)
    DMA_Cmd                                  0x08000867   Thumb Code    22  stm32f10x_dma.o(.text)
    DMA_ITConfig                             0x0800087d   Thumb Code    16  stm32f10x_dma.o(.text)
    DMA_SetCurrDataCounter                   0x0800088d   Thumb Code     4  stm32f10x_dma.o(.text)
    DMA_GetCurrDataCounter                   0x08000891   Thumb Code     6  stm32f10x_dma.o(.text)
    DMA_GetFlagStatus                        0x08000897   Thumb Code    28  stm32f10x_dma.o(.text)
    DMA_ClearFlag                            0x080008b3   Thumb Code    20  stm32f10x_dma.o(.text)
    DMA_GetITStatus                          0x080008c7   Thumb Code    28  stm32f10x_dma.o(.text)
    DMA_ClearITPendingBit                    0x080008e3   Thumb Code    20  stm32f10x_dma.o(.text)
    FSMC_NORSRAMDeInit                       0x08000901   Thumb Code    38  stm32f10x_fsmc.o(.text)
    FSMC_NANDDeInit                          0x08000927   Thumb Code    40  stm32f10x_fsmc.o(.text)
    FSMC_PCCARDDeInit                        0x0800094f   Thumb Code    26  stm32f10x_fsmc.o(.text)
    FSMC_NORSRAMInit                         0x08000969   Thumb Code   200  stm32f10x_fsmc.o(.text)
    FSMC_NANDInit                            0x08000a31   Thumb Code   104  stm32f10x_fsmc.o(.text)
    FSMC_PCCARDInit                          0x08000a99   Thumb Code   102  stm32f10x_fsmc.o(.text)
    FSMC_NORSRAMStructInit                   0x08000aff   Thumb Code    98  stm32f10x_fsmc.o(.text)
    FSMC_NANDStructInit                      0x08000b61   Thumb Code    54  stm32f10x_fsmc.o(.text)
    FSMC_PCCARDStructInit                    0x08000b97   Thumb Code    60  stm32f10x_fsmc.o(.text)
    FSMC_NORSRAMCmd                          0x08000bd3   Thumb Code    26  stm32f10x_fsmc.o(.text)
    FSMC_NANDCmd                             0x08000bed   Thumb Code    54  stm32f10x_fsmc.o(.text)
    FSMC_PCCARDCmd                           0x08000c23   Thumb Code    28  stm32f10x_fsmc.o(.text)
    FSMC_NANDECCCmd                          0x08000c3f   Thumb Code    54  stm32f10x_fsmc.o(.text)
    FSMC_GetECC                              0x08000c75   Thumb Code    18  stm32f10x_fsmc.o(.text)
    FSMC_ITConfig                            0x08000c87   Thumb Code    72  stm32f10x_fsmc.o(.text)
    FSMC_GetFlagStatus                       0x08000ccf   Thumb Code    40  stm32f10x_fsmc.o(.text)
    FSMC_ClearFlag                           0x08000cf7   Thumb Code    38  stm32f10x_fsmc.o(.text)
    FSMC_GetITStatus                         0x08000d1d   Thumb Code    48  stm32f10x_fsmc.o(.text)
    FSMC_ClearITPendingBit                   0x08000d4d   Thumb Code    42  stm32f10x_fsmc.o(.text)
    GPIO_DeInit                              0x08000d7d   Thumb Code   152  stm32f10x_gpio.o(.text)
    GPIO_AFIODeInit                          0x08000e15   Thumb Code    22  stm32f10x_gpio.o(.text)
    GPIO_Init                                0x08000e2b   Thumb Code   156  stm32f10x_gpio.o(.text)
    GPIO_StructInit                          0x08000ec7   Thumb Code    16  stm32f10x_gpio.o(.text)
    GPIO_ReadInputDataBit                    0x08000ed7   Thumb Code    14  stm32f10x_gpio.o(.text)
    GPIO_ReadInputData                       0x08000ee5   Thumb Code     6  stm32f10x_gpio.o(.text)
    GPIO_ReadOutputDataBit                   0x08000eeb   Thumb Code    14  stm32f10x_gpio.o(.text)
    GPIO_ReadOutputData                      0x08000ef9   Thumb Code     6  stm32f10x_gpio.o(.text)
    GPIO_SetBits                             0x08000eff   Thumb Code     4  stm32f10x_gpio.o(.text)
    GPIO_ResetBits                           0x08000f03   Thumb Code     4  stm32f10x_gpio.o(.text)
    GPIO_WriteBit                            0x08000f07   Thumb Code    10  stm32f10x_gpio.o(.text)
    GPIO_Write                               0x08000f11   Thumb Code     4  stm32f10x_gpio.o(.text)
    GPIO_PinLockConfig                       0x08000f15   Thumb Code    16  stm32f10x_gpio.o(.text)
    GPIO_EventOutputConfig                   0x08000f25   Thumb Code    22  stm32f10x_gpio.o(.text)
    GPIO_EventOutputCmd                      0x08000f3b   Thumb Code     6  stm32f10x_gpio.o(.text)
    GPIO_PinRemapConfig                      0x08000f41   Thumb Code    82  stm32f10x_gpio.o(.text)
    GPIO_EXTILineConfig                      0x08000f93   Thumb Code    34  stm32f10x_gpio.o(.text)
    GPIO_ETH_MediaInterfaceConfig            0x08000fb5   Thumb Code     8  stm32f10x_gpio.o(.text)
    RCC_DeInit                               0x08000fe1   Thumb Code    50  stm32f10x_rcc.o(.text)
    RCC_HSEConfig                            0x08001013   Thumb Code    48  stm32f10x_rcc.o(.text)
    RCC_GetFlagStatus                        0x08001043   Thumb Code    42  stm32f10x_rcc.o(.text)
    RCC_WaitForHSEStartUp                    0x0800106d   Thumb Code    44  stm32f10x_rcc.o(.text)
    RCC_AdjustHSICalibrationValue            0x08001099   Thumb Code    16  stm32f10x_rcc.o(.text)
    RCC_HSICmd                               0x080010a9   Thumb Code     6  stm32f10x_rcc.o(.text)
    RCC_PLLConfig                            0x080010af   Thumb Code    16  stm32f10x_rcc.o(.text)
    RCC_PLLCmd                               0x080010bf   Thumb Code     6  stm32f10x_rcc.o(.text)
    RCC_SYSCLKConfig                         0x080010c5   Thumb Code    14  stm32f10x_rcc.o(.text)
    RCC_GetSYSCLKSource                      0x080010d3   Thumb Code    10  stm32f10x_rcc.o(.text)
    RCC_HCLKConfig                           0x080010dd   Thumb Code    14  stm32f10x_rcc.o(.text)
    RCC_PCLK1Config                          0x080010eb   Thumb Code    14  stm32f10x_rcc.o(.text)
    RCC_PCLK2Config                          0x080010f9   Thumb Code    16  stm32f10x_rcc.o(.text)
    RCC_ITConfig                             0x08001109   Thumb Code    18  stm32f10x_rcc.o(.text)
    RCC_USBCLKConfig                         0x0800111b   Thumb Code     8  stm32f10x_rcc.o(.text)
    RCC_ADCCLKConfig                         0x08001123   Thumb Code    14  stm32f10x_rcc.o(.text)
    RCC_LSEConfig                            0x08001131   Thumb Code    28  stm32f10x_rcc.o(.text)
    RCC_LSICmd                               0x0800114d   Thumb Code     6  stm32f10x_rcc.o(.text)
    RCC_RTCCLKConfig                         0x08001153   Thumb Code    10  stm32f10x_rcc.o(.text)
    RCC_RTCCLKCmd                            0x0800115d   Thumb Code     8  stm32f10x_rcc.o(.text)
    RCC_GetClocksFreq                        0x08001165   Thumb Code   132  stm32f10x_rcc.o(.text)
    RCC_AHBPeriphClockCmd                    0x080011e9   Thumb Code    18  stm32f10x_rcc.o(.text)
    RCC_APB2PeriphClockCmd                   0x080011fb   Thumb Code    18  stm32f10x_rcc.o(.text)
    RCC_APB1PeriphClockCmd                   0x0800120d   Thumb Code    18  stm32f10x_rcc.o(.text)
    RCC_APB2PeriphResetCmd                   0x0800121f   Thumb Code    18  stm32f10x_rcc.o(.text)
    RCC_APB1PeriphResetCmd                   0x08001231   Thumb Code    18  stm32f10x_rcc.o(.text)
    RCC_BackupResetCmd                       0x08001243   Thumb Code     8  stm32f10x_rcc.o(.text)
    RCC_ClockSecuritySystemCmd               0x0800124b   Thumb Code     6  stm32f10x_rcc.o(.text)
    RCC_MCOConfig                            0x08001251   Thumb Code     6  stm32f10x_rcc.o(.text)
    RCC_ClearFlag                            0x08001257   Thumb Code    12  stm32f10x_rcc.o(.text)
    RCC_GetITStatus                          0x08001263   Thumb Code    16  stm32f10x_rcc.o(.text)
    RCC_ClearITPendingBit                    0x08001273   Thumb Code     6  stm32f10x_rcc.o(.text)
    SDIO_DeInit                              0x08001299   Thumb Code    26  stm32f10x_sdio.o(.text)
    SDIO_Init                                0x080012b3   Thumb Code    40  stm32f10x_sdio.o(.text)
    SDIO_StructInit                          0x080012db   Thumb Code    16  stm32f10x_sdio.o(.text)
    SDIO_ClockCmd                            0x080012eb   Thumb Code     8  stm32f10x_sdio.o(.text)
    SDIO_SetPowerState                       0x080012f3   Thumb Code    18  stm32f10x_sdio.o(.text)
    SDIO_GetPowerState                       0x08001305   Thumb Code    10  stm32f10x_sdio.o(.text)
    SDIO_ITConfig                            0x0800130f   Thumb Code    18  stm32f10x_sdio.o(.text)
    SDIO_DMACmd                              0x08001321   Thumb Code     6  stm32f10x_sdio.o(.text)
    SDIO_SendCommand                         0x08001327   Thumb Code    34  stm32f10x_sdio.o(.text)
    SDIO_CmdStructInit                       0x08001349   Thumb Code    14  stm32f10x_sdio.o(.text)
    SDIO_GetCommandResponse                  0x08001357   Thumb Code     8  stm32f10x_sdio.o(.text)
    SDIO_GetResponse                         0x0800135f   Thumb Code    14  stm32f10x_sdio.o(.text)
    SDIO_DataConfig                          0x0800136d   Thumb Code    38  stm32f10x_sdio.o(.text)
    SDIO_DataStructInit                      0x08001393   Thumb Code    20  stm32f10x_sdio.o(.text)
    SDIO_GetDataCounter                      0x080013a7   Thumb Code     6  stm32f10x_sdio.o(.text)
    SDIO_ReadData                            0x080013ad   Thumb Code     8  stm32f10x_sdio.o(.text)
    SDIO_WriteData                           0x080013b5   Thumb Code     8  stm32f10x_sdio.o(.text)
    SDIO_GetFIFOCount                        0x080013bd   Thumb Code     6  stm32f10x_sdio.o(.text)
    SDIO_StartSDIOReadWait                   0x080013c3   Thumb Code     8  stm32f10x_sdio.o(.text)
    SDIO_StopSDIOReadWait                    0x080013cb   Thumb Code     8  stm32f10x_sdio.o(.text)
    SDIO_SetSDIOReadWaitMode                 0x080013d3   Thumb Code     8  stm32f10x_sdio.o(.text)
    SDIO_SetSDIOOperation                    0x080013db   Thumb Code     8  stm32f10x_sdio.o(.text)
    SDIO_SendSDIOSuspendCmd                  0x080013e3   Thumb Code     8  stm32f10x_sdio.o(.text)
    SDIO_CommandCompletionCmd                0x080013eb   Thumb Code     8  stm32f10x_sdio.o(.text)
    SDIO_CEATAITCmd                          0x080013f3   Thumb Code    12  stm32f10x_sdio.o(.text)
    SDIO_SendCEATACmd                        0x080013ff   Thumb Code     8  stm32f10x_sdio.o(.text)
    SDIO_GetFlagStatus                       0x08001407   Thumb Code    16  stm32f10x_sdio.o(.text)
    SDIO_ClearFlag                           0x08001417   Thumb Code     6  stm32f10x_sdio.o(.text)
    SDIO_GetITStatus                         0x0800141d   Thumb Code    16  stm32f10x_sdio.o(.text)
    SDIO_ClearITPendingBit                   0x0800142d   Thumb Code     6  stm32f10x_sdio.o(.text)
    SPI_I2S_DeInit                           0x08001445   Thumb Code    72  stm32f10x_spi.o(.text)
    SPI_Init                                 0x0800148d   Thumb Code    56  stm32f10x_spi.o(.text)
    I2S_Init                                 0x080014c5   Thumb Code   150  stm32f10x_spi.o(.text)
    SPI_StructInit                           0x0800155b   Thumb Code    24  stm32f10x_spi.o(.text)
    I2S_StructInit                           0x08001573   Thumb Code    18  stm32f10x_spi.o(.text)
    SPI_Cmd                                  0x08001585   Thumb Code    20  stm32f10x_spi.o(.text)
    I2S_Cmd                                  0x08001599   Thumb Code    20  stm32f10x_spi.o(.text)
    SPI_I2S_ITConfig                         0x080015ad   Thumb Code    24  stm32f10x_spi.o(.text)
    SPI_I2S_DMACmd                           0x080015c5   Thumb Code    16  stm32f10x_spi.o(.text)
    SPI_I2S_SendData                         0x080015d5   Thumb Code     4  stm32f10x_spi.o(.text)
    SPI_I2S_ReceiveData                      0x080015d9   Thumb Code     4  stm32f10x_spi.o(.text)
    SPI_NSSInternalSoftwareConfig            0x080015dd   Thumb Code    24  stm32f10x_spi.o(.text)
    SPI_SSOutputCmd                          0x080015f5   Thumb Code    20  stm32f10x_spi.o(.text)
    SPI_DataSizeConfig                       0x08001609   Thumb Code    16  stm32f10x_spi.o(.text)
    SPI_TransmitCRC                          0x08001619   Thumb Code    10  stm32f10x_spi.o(.text)
    SPI_CalculateCRC                         0x08001623   Thumb Code    20  stm32f10x_spi.o(.text)
    SPI_GetCRC                               0x08001637   Thumb Code    12  stm32f10x_spi.o(.text)
    SPI_GetCRCPolynomial                     0x08001643   Thumb Code     4  stm32f10x_spi.o(.text)
    SPI_BiDirectionalLineConfig              0x08001647   Thumb Code    22  stm32f10x_spi.o(.text)
    SPI_I2S_GetFlagStatus                    0x0800165d   Thumb Code    14  stm32f10x_spi.o(.text)
    SPI_I2S_ClearFlag                        0x0800166b   Thumb Code     6  stm32f10x_spi.o(.text)
    SPI_I2S_GetITStatus                      0x08001671   Thumb Code    44  stm32f10x_spi.o(.text)
    SPI_I2S_ClearITPendingBit                0x0800169d   Thumb Code    14  stm32f10x_spi.o(.text)
    USART_DeInit                             0x080016b9   Thumb Code    96  stm32f10x_usart.o(.text)
    USART_Init                               0x08001719   Thumb Code   166  stm32f10x_usart.o(.text)
    USART_StructInit                         0x080017bf   Thumb Code    22  stm32f10x_usart.o(.text)
    USART_ClockInit                          0x080017d5   Thumb Code    30  stm32f10x_usart.o(.text)
    USART_ClockStructInit                    0x080017f3   Thumb Code    12  stm32f10x_usart.o(.text)
    USART_Cmd                                0x080017ff   Thumb Code    20  stm32f10x_usart.o(.text)
    USART_ITConfig                           0x08001813   Thumb Code    48  stm32f10x_usart.o(.text)
    USART_DMACmd                             0x08001843   Thumb Code    16  stm32f10x_usart.o(.text)
    USART_SetAddress                         0x08001853   Thumb Code    16  stm32f10x_usart.o(.text)
    USART_WakeUpConfig                       0x08001863   Thumb Code    16  stm32f10x_usart.o(.text)
    USART_ReceiverWakeUpCmd                  0x08001873   Thumb Code    20  stm32f10x_usart.o(.text)
    USART_LINBreakDetectLengthConfig         0x08001887   Thumb Code    16  stm32f10x_usart.o(.text)
    USART_LINCmd                             0x08001897   Thumb Code    20  stm32f10x_usart.o(.text)
    USART_SendData                           0x080018ab   Thumb Code     8  stm32f10x_usart.o(.text)
    USART_ReceiveData                        0x080018b3   Thumb Code     8  stm32f10x_usart.o(.text)
    USART_SendBreak                          0x080018bb   Thumb Code    10  stm32f10x_usart.o(.text)
    USART_SetGuardTime                       0x080018c5   Thumb Code    16  stm32f10x_usart.o(.text)
    USART_SetPrescaler                       0x080018d5   Thumb Code    16  stm32f10x_usart.o(.text)
    USART_SmartCardCmd                       0x080018e5   Thumb Code    20  stm32f10x_usart.o(.text)
    USART_SmartCardNACKCmd                   0x080018f9   Thumb Code    20  stm32f10x_usart.o(.text)
    USART_HalfDuplexCmd                      0x0800190d   Thumb Code    20  stm32f10x_usart.o(.text)
    USART_OverSampling8Cmd                   0x08001921   Thumb Code    20  stm32f10x_usart.o(.text)
    USART_OneBitMethodCmd                    0x08001935   Thumb Code    20  stm32f10x_usart.o(.text)
    USART_IrDAConfig                         0x08001949   Thumb Code    16  stm32f10x_usart.o(.text)
    USART_IrDACmd                            0x08001959   Thumb Code    20  stm32f10x_usart.o(.text)
    USART_GetFlagStatus                      0x0800196d   Thumb Code    14  stm32f10x_usart.o(.text)
    USART_ClearFlag                          0x0800197b   Thumb Code     6  stm32f10x_usart.o(.text)
    USART_GetITStatus                        0x08001981   Thumb Code    62  stm32f10x_usart.o(.text)
    USART_ClearITPendingBit                  0x080019bf   Thumb Code    12  stm32f10x_usart.o(.text)
    main                                     0x08001d33   Thumb Code    72  main.o(.text)
    NMI_Handler                              0x08001fa5   Thumb Code     2  stm32f10x_it.o(.text)
    HardFault_Handler                        0x08001fa7   Thumb Code     2  stm32f10x_it.o(.text)
    MemManage_Handler                        0x08001fa9   Thumb Code     2  stm32f10x_it.o(.text)
    BusFault_Handler                         0x08001fab   Thumb Code     2  stm32f10x_it.o(.text)
    UsageFault_Handler                       0x08001fad   Thumb Code     2  stm32f10x_it.o(.text)
    DebugMon_Handler                         0x08001faf   Thumb Code     2  stm32f10x_it.o(.text)
    SysTick_Handler                          0x08001fb1   Thumb Code    20  stm32f10x_it.o(.text)
    SDIO_IRQHandler                          0x08001fc5   Thumb Code    30  stm32f10x_it.o(.text)
    LED_GPIO_Config                          0x08001fe5   Thumb Code    92  bsp_led.o(.text)
    USART_Config                             0x08002045   Thumb Code   158  bsp_usart.o(.text)
    Usart_SendByte                           0x080020e3   Thumb Code    22  bsp_usart.o(.text)
    Usart_SendArray                          0x080020f9   Thumb Code    46  bsp_usart.o(.text)
    Usart_SendString                         0x08002127   Thumb Code    38  bsp_usart.o(.text)
    Usart_SendHalfWord                       0x0800214d   Thumb Code    50  bsp_usart.o(.text)
    fputc                                    0x0800217f   Thumb Code    30  bsp_usart.o(.text)
    fgetc                                    0x0800219d   Thumb Code    26  bsp_usart.o(.text)
    Key_GPIO_Config                          0x080021c1   Thumb Code    50  bsp_key.o(.text)
    Key_Scan                                 0x080021f3   Thumb Code    34  bsp_key.o(.text)
    SD_DeInit                                0x0800221d   Thumb Code    64  bsp_sdio_sdcard.o(.text)
    SD_EnableWideBusOperation                0x080024e5   Thumb Code   112  bsp_sdio_sdcard.o(.text)
    SD_SelectDeselect                        0x08002555   Thumb Code    40  bsp_sdio_sdcard.o(.text)
    SD_GetCardInfo                           0x0800257d   Thumb Code   632  bsp_sdio_sdcard.o(.text)
    SD_InitializeCards                       0x08002823   Thumb Code   248  bsp_sdio_sdcard.o(.text)
    SD_PowerON                               0x0800291b   Thumb Code   460  bsp_sdio_sdcard.o(.text)
    SD_Init                                  0x08002ae7   Thumb Code   212  bsp_sdio_sdcard.o(.text)
    SD_SendStatus                            0x08002bbb   Thumb Code    36  bsp_sdio_sdcard.o(.text)
    SD_GetState                              0x08002bdf   Thumb Code    26  bsp_sdio_sdcard.o(.text)
    SD_GetStatus                             0x08002bf9   Thumb Code    26  bsp_sdio_sdcard.o(.text)
    SD_PowerOFF                              0x08002c13   Thumb Code    14  bsp_sdio_sdcard.o(.text)
    SD_SendSDStatus                          0x08002c21   Thumb Code   314  bsp_sdio_sdcard.o(.text)
    SD_GetCardStatus                         0x08002d5b   Thumb Code   128  bsp_sdio_sdcard.o(.text)
    SD_ReadBlock                             0x08002ddb   Thumb Code   164  bsp_sdio_sdcard.o(.text)
    SD_ReadMultiBlocks                       0x08002e7f   Thumb Code   178  bsp_sdio_sdcard.o(.text)
    SD_WaitReadOperation                     0x08002f31   Thumb Code    34  bsp_sdio_sdcard.o(.text)
    SD_WriteBlock                            0x08002f53   Thumb Code   178  bsp_sdio_sdcard.o(.text)
    SD_WriteMultiBlocks                      0x08003005   Thumb Code   254  bsp_sdio_sdcard.o(.text)
    SD_WaitWriteOperation                    0x08003103   Thumb Code    42  bsp_sdio_sdcard.o(.text)
    SD_GetTransferState                      0x0800312d   Thumb Code    14  bsp_sdio_sdcard.o(.text)
    SD_StopTransfer                          0x0800313b   Thumb Code    18  bsp_sdio_sdcard.o(.text)
    SD_Erase                                 0x0800328d   Thumb Code   230  bsp_sdio_sdcard.o(.text)
    SD_ProcessIRQSrc                         0x08003373   Thumb Code    56  bsp_sdio_sdcard.o(.text)
    convert_from_bytes_to_power_of_two       0x080033ab   Thumb Code    18  bsp_sdio_sdcard.o(.text)
    ADCx_Init                                0x08003525   Thumb Code    36  bsp_adc.o(.text)
    BEEP_GPIO_Config                         0x08003559   Thumb Code    50  bsp_beep.o(.text)
    SPI_FLASH_Init                           0x08003591   Thumb Code   178  bsp_spi_flash.o(.text)
    SPI_FLASH_SendByte                       0x08003643   Thumb Code    90  bsp_spi_flash.o(.text)
    SPI_FLASH_WaitForWriteEnd                0x0800369d   Thumb Code    40  bsp_spi_flash.o(.text)
    SPI_FLASH_WriteEnable                    0x080036c5   Thumb Code    30  bsp_spi_flash.o(.text)
    SPI_FLASH_SectorErase                    0x080036e3   Thumb Code    64  bsp_spi_flash.o(.text)
    SPI_FLASH_BulkErase                      0x08003723   Thumb Code    36  bsp_spi_flash.o(.text)
    SPI_FLASH_PageWrite                      0x08003747   Thumb Code    96  bsp_spi_flash.o(.text)
    SPI_FLASH_BufferWrite                    0x080037a7   Thumb Code   182  bsp_spi_flash.o(.text)
    SPI_FLASH_BufferRead                     0x0800385d   Thumb Code    78  bsp_spi_flash.o(.text)
    SPI_FLASH_ReadID                         0x080038ab   Thumb Code    62  bsp_spi_flash.o(.text)
    SPI_FLASH_ReadDeviceID                   0x080038e9   Thumb Code    56  bsp_spi_flash.o(.text)
    SPI_FLASH_StartReadSequence              0x08003921   Thumb Code    42  bsp_spi_flash.o(.text)
    SPI_FLASH_ReadByte                       0x0800394b   Thumb Code     4  bsp_spi_flash.o(.text)
    SPI_FLASH_SendHalfWord                   0x0800394f   Thumb Code   162  bsp_spi_flash.o(.text)
    SPI_Flash_PowerDown                      0x080039f1   Thumb Code    30  bsp_spi_flash.o(.text)
    SPI_Flash_WAKEUP                         0x08003a0f   Thumb Code    30  bsp_spi_flash.o(.text)
    GetGBKCode_from_EXFlash                  0x08003a71   Thumb Code    68  fonts.o(.text)
    ILI9341_GramScan                         0x08003d93   Thumb Code   102  bsp_ili9341_lcd.o(.text)
    ILI9341_Rst                              0x08003df9   Thumb Code    40  bsp_ili9341_lcd.o(.text)
    ILI9341_BackLed_Control                  0x08003e21   Thumb Code    20  bsp_ili9341_lcd.o(.text)
    ILI9341_Init                             0x08003e35   Thumb Code    34  bsp_ili9341_lcd.o(.text)
    ILI9341_OpenWindow                       0x08003e57   Thumb Code    58  bsp_ili9341_lcd.o(.text)
    ILI9341_Clear                            0x08003e91   Thumb Code    26  bsp_ili9341_lcd.o(.text)
    ILI9341_SetPointPixel                    0x08003eab   Thumb Code    54  bsp_ili9341_lcd.o(.text)
    ILI9341_GetPointPixel                    0x08003ee1   Thumb Code    40  bsp_ili9341_lcd.o(.text)
    ILI9341_DrawLine                         0x08003f09   Thumb Code   156  bsp_ili9341_lcd.o(.text)
    ILI9341_DrawRectangle                    0x08003fa5   Thumb Code    94  bsp_ili9341_lcd.o(.text)
    ILI9341_DrawCircle                       0x08004003   Thumb Code   326  bsp_ili9341_lcd.o(.text)
    ILI9341_DispChar_EN                      0x08004149   Thumb Code    94  bsp_ili9341_lcd.o(.text)
    ILI9341_DispStringLine_EN                0x080041a7   Thumb Code    72  bsp_ili9341_lcd.o(.text)
    ILI9341_DispString_EN                    0x080041ef   Thumb Code    72  bsp_ili9341_lcd.o(.text)
    ILI9341_DispString_EN_YDir               0x08004237   Thumb Code    72  bsp_ili9341_lcd.o(.text)
    ILI9341_DispChar_CH                      0x0800427f   Thumb Code   106  bsp_ili9341_lcd.o(.text)
    ILI9341_DispString_CH                    0x080042e9   Thumb Code    78  bsp_ili9341_lcd.o(.text)
    ILI9341_DispStringLine_EN_CH             0x08004337   Thumb Code   134  bsp_ili9341_lcd.o(.text)
    ILI9341_DispString_EN_CH                 0x080043bd   Thumb Code   134  bsp_ili9341_lcd.o(.text)
    ILI9341_DispString_EN_CH_YDir            0x08004443   Thumb Code    96  bsp_ili9341_lcd.o(.text)
    ILI9341_zoomChar                         0x080044a3   Thumb Code   240  bsp_ili9341_lcd.o(.text)
    ILI9341_DrawChar_Ex                      0x08004593   Thumb Code    62  bsp_ili9341_lcd.o(.text)
    ILI9341_DisplayStringEx                  0x080045d1   Thumb Code   210  bsp_ili9341_lcd.o(.text)
    ILI9341_DisplayStringEx_YDir             0x080046a3   Thumb Code   230  bsp_ili9341_lcd.o(.text)
    LCD_SetFont                              0x08004789   Thumb Code     6  bsp_ili9341_lcd.o(.text)
    LCD_GetFont                              0x0800478f   Thumb Code     6  bsp_ili9341_lcd.o(.text)
    LCD_SetColors                            0x08004795   Thumb Code     8  bsp_ili9341_lcd.o(.text)
    LCD_GetColors                            0x0800479d   Thumb Code    12  bsp_ili9341_lcd.o(.text)
    LCD_SetTextColor                         0x080047a9   Thumb Code     6  bsp_ili9341_lcd.o(.text)
    LCD_SetBackColor                         0x080047af   Thumb Code     6  bsp_ili9341_lcd.o(.text)
    LCD_ClearLine                            0x080047b5   Thumb Code    16  bsp_ili9341_lcd.o(.text)
    disk_status                              0x08004859   Thumb Code    12  diskio.o(.text)
    disk_initialize                          0x08004865   Thumb Code    18  diskio.o(.text)
    disk_read                                0x08004877   Thumb Code   122  diskio.o(.text)
    disk_write                               0x080048f1   Thumb Code   118  diskio.o(.text)
    disk_ioctl                               0x08004967   Thumb Code    56  diskio.o(.text)
    get_fattime                              0x0800499f   Thumb Code     4  diskio.o(.text)
    clust2sect                               0x08004ae1   Thumb Code    24  ff.o(.text)
    get_fat                                  0x08004af9   Thumb Code   230  ff.o(.text)
    put_fat                                  0x08004bdf   Thumb Code   288  ff.o(.text)
    f_mount                                  0x0800558b   Thumb Code    74  ff.o(.text)
    f_open                                   0x080055d5   Thumb Code   318  ff.o(.text)
    f_read                                   0x08005713   Thumb Code   350  ff.o(.text)
    f_write                                  0x08005871   Thumb Code   408  ff.o(.text)
    f_sync                                   0x08005a09   Thumb Code   152  ff.o(.text)
    f_close                                  0x08005aa1   Thumb Code    28  ff.o(.text)
    f_lseek                                  0x08005abd   Thumb Code   326  ff.o(.text)
    f_opendir                                0x08005c03   Thumb Code    96  ff.o(.text)
    f_closedir                               0x08005c63   Thumb Code    18  ff.o(.text)
    f_readdir                                0x08005c75   Thumb Code    78  ff.o(.text)
    f_stat                                   0x08005cc3   Thumb Code    60  ff.o(.text)
    f_getfree                                0x08005cff   Thumb Code   190  ff.o(.text)
    f_truncate                               0x08005dbd   Thumb Code   176  ff.o(.text)
    f_unlink                                 0x08005e6d   Thumb Code   148  ff.o(.text)
    f_mkdir                                  0x08005f01   Thumb Code   354  ff.o(.text)
    f_chmod                                  0x08006063   Thumb Code    74  ff.o(.text)
    f_rename                                 0x080060ad   Thumb Code   240  ff.o(.text)
    f_utime                                  0x0800619d   Thumb Code    80  ff.o(.text)
    f_mkfs                                   0x080061ed   Thumb Code  1382  ff.o(.text)
    f_gets                                   0x08006753   Thumb Code    68  ff.o(.text)
    f_putc                                   0x080067d1   Thumb Code    60  ff.o(.text)
    f_puts                                   0x0800680d   Thumb Code    70  ff.o(.text)
    f_printf                                 0x08006853   Thumb Code   490  ff.o(.text)
    vListInitialise                          0x08006a7d   Thumb Code    22  list.o(.text)
    vListInitialiseItem                      0x08006a93   Thumb Code     6  list.o(.text)
    vListInsertEnd                           0x08006a99   Thumb Code    24  list.o(.text)
    vListInsert                              0x08006ab1   Thumb Code    48  list.o(.text)
    uxListRemove                             0x08006ae1   Thumb Code    36  list.o(.text)
    xQueueGenericReset                       0x08006b05   Thumb Code   128  queue.o(.text)
    xQueueGenericCreate                      0x08006b85   Thumb Code    68  queue.o(.text)
    xQueueGenericSend                        0x08006c9f   Thumb Code   332  queue.o(.text)
    xQueueCreateMutex                        0x08006deb   Thumb Code    36  queue.o(.text)
    xQueueGenericSendFromISR                 0x08006e0f   Thumb Code   174  queue.o(.text)
    xQueueGiveFromISR                        0x08006ebd   Thumb Code   196  queue.o(.text)
    xQueueGenericReceive                     0x08006fa7   Thumb Code   356  queue.o(.text)
    xQueueReceiveFromISR                     0x0800710b   Thumb Code   150  queue.o(.text)
    xQueuePeekFromISR                        0x080071a1   Thumb Code   114  queue.o(.text)
    uxQueueMessagesWaiting                   0x08007213   Thumb Code    36  queue.o(.text)
    uxQueueSpacesAvailable                   0x08007237   Thumb Code    40  queue.o(.text)
    uxQueueMessagesWaitingFromISR            0x0800725f   Thumb Code    26  queue.o(.text)
    vQueueUnregisterQueue                    0x08007279   Thumb Code    36  queue.o(.text)
    vQueueDelete                             0x0800729d   Thumb Code    38  queue.o(.text)
    xQueueIsQueueEmptyFromISR                0x080072c3   Thumb Code    34  queue.o(.text)
    xQueueIsQueueFullFromISR                 0x080072e5   Thumb Code    38  queue.o(.text)
    vQueueAddToRegistry                      0x0800730b   Thumb Code    32  queue.o(.text)
    pcQueueGetName                           0x0800732b   Thumb Code    34  queue.o(.text)
    xTaskCreate                              0x0800742f   Thumb Code    86  tasks.o(.text)
    vTaskDelete                              0x08007485   Thumb Code   154  tasks.o(.text)
    xTaskIncrementTick                       0x0800751f   Thumb Code   186  tasks.o(.text)
    xTaskResumeAll                           0x080075d9   Thumb Code   182  tasks.o(.text)
    vTaskSuspendAll                          0x080076f5   Thumb Code    10  tasks.o(.text)
    vTaskDelayUntil                          0x080076ff   Thumb Code   188  tasks.o(.text)
    vTaskDelay                               0x080077bb   Thumb Code    66  tasks.o(.text)
    eTaskGetState                            0x080077fd   Thumb Code    94  tasks.o(.text)
    uxTaskPriorityGet                        0x0800785b   Thumb Code    24  tasks.o(.text)
    uxTaskPriorityGetFromISR                 0x08007873   Thumb Code    40  tasks.o(.text)
    vTaskPrioritySet                         0x0800789b   Thumb Code   184  tasks.o(.text)
    vTaskSwitchContext                       0x08007953   Thumb Code    84  tasks.o(.text)
    vTaskSuspend                             0x080079a7   Thumb Code   156  tasks.o(.text)
    vTaskResume                              0x08007a73   Thumb Code   116  tasks.o(.text)
    xTaskResumeFromISR                       0x08007ae7   Thumb Code   126  tasks.o(.text)
    vTaskStartScheduler                      0x08007b83   Thumb Code   122  tasks.o(.text)
    vTaskEndScheduler                        0x08007bfd   Thumb Code    24  tasks.o(.text)
    xTaskGetTickCount                        0x08007c15   Thumb Code     6  tasks.o(.text)
    xTaskGetTickCountFromISR                 0x08007c1b   Thumb Code    12  tasks.o(.text)
    uxTaskGetNumberOfTasks                   0x08007c27   Thumb Code     6  tasks.o(.text)
    pcTaskGetName                            0x08007c2d   Thumb Code    38  tasks.o(.text)
    vTaskPlaceOnEventList                    0x08007c53   Thumb Code    46  tasks.o(.text)
    vTaskPlaceOnUnorderedEventList           0x08007c81   Thumb Code    78  tasks.o(.text)
    xTaskRemoveFromEventList                 0x08007ccf   Thumb Code   104  tasks.o(.text)
    xTaskRemoveFromUnorderedEventList        0x08007d37   Thumb Code   116  tasks.o(.text)
    vTaskSetTimeOutState                     0x08007dab   Thumb Code    34  tasks.o(.text)
    xTaskCheckForTimeOut                     0x08007dcd   Thumb Code   102  tasks.o(.text)
    vTaskMissedYield                         0x08007e33   Thumb Code     8  tasks.o(.text)
    xTaskGetCurrentTaskHandle                0x08007e3b   Thumb Code     6  tasks.o(.text)
    xTaskGetSchedulerState                   0x08007e41   Thumb Code    22  tasks.o(.text)
    vTaskPriorityInherit                     0x08007e57   Thumb Code   124  tasks.o(.text)
    xTaskPriorityDisinherit                  0x08007ed3   Thumb Code   144  tasks.o(.text)
    uxTaskResetEventItemValue                0x08007f63   Thumb Code    20  tasks.o(.text)
    pvTaskIncrementMutexHeldCount            0x08007f77   Thumb Code    18  tasks.o(.text)
    ulTaskNotifyTake                         0x08007f89   Thumb Code   112  tasks.o(.text)
    xTaskNotifyWait                          0x08007ff9   Thumb Code   128  tasks.o(.text)
    xTaskGenericNotify                       0x08008079   Thumb Code   190  tasks.o(.text)
    xTaskGenericNotifyFromISR                0x08008137   Thumb Code   228  tasks.o(.text)
    vTaskNotifyGiveFromISR                   0x0800821b   Thumb Code   168  tasks.o(.text)
    xTaskNotifyStateClear                    0x080082c3   Thumb Code    44  tasks.o(.text)
    pvPortMalloc                             0x08008479   Thumb Code   214  heap_4.o(.text)
    vPortFree                                0x0800854f   Thumb Code    96  heap_4.o(.text)
    xPortGetFreeHeapSize                     0x080085af   Thumb Code     8  heap_4.o(.text)
    xPortGetMinimumEverFreeHeapSize          0x080085b7   Thumb Code     8  heap_4.o(.text)
    vPortInitialiseBlocks                    0x080085bf   Thumb Code     2  heap_4.o(.text)
    pxPortInitialiseStack                    0x08008667   Thumb Code    32  port.o(.text)
    vPortSetupTimerInterrupt                 0x08008687   Thumb Code    26  port.o(.text)
    xPortStartScheduler                      0x080086a1   Thumb Code   108  port.o(.text)
    vPortEndScheduler                        0x0800870d   Thumb Code    24  port.o(.text)
    vPortEnterCritical                       0x08008725   Thumb Code    52  port.o(.text)
    vPortExitCritical                        0x08008759   Thumb Code    34  port.o(.text)
    xPortSysTickHandler                      0x0800877b   Thumb Code    40  port.o(.text)
    vPortValidateInterruptPriority           0x080087a3   Thumb Code    72  port.o(.text)
    __aeabi_uldivmod                         0x08008839   Thumb Code    98  uldiv.o(.text)
    __aeabi_memcpy                           0x0800889b   Thumb Code    36  memcpya.o(.text)
    __aeabi_memcpy4                          0x0800889b   Thumb Code     0  memcpya.o(.text)
    __aeabi_memcpy8                          0x0800889b   Thumb Code     0  memcpya.o(.text)
    __aeabi_fdiv                             0x080088bf   Thumb Code   124  fdiv.o(.text)
    __aeabi_ui2f                             0x0800893b   Thumb Code    10  ffltui.o(.text)
    __aeabi_ui2d                             0x08008945   Thumb Code    26  dfltui.o(.text)
    __aeabi_d2uiz                            0x0800895f   Thumb Code    50  dfixui.o(.text)
    __aeabi_f2d                              0x08008991   Thumb Code    38  f2d.o(.text)
    __aeabi_uidiv                            0x080089b7   Thumb Code     0  uidiv.o(.text)
    __aeabi_uidivmod                         0x080089b7   Thumb Code    44  uidiv.o(.text)
    __aeabi_llsl                             0x080089e3   Thumb Code    30  llshl.o(.text)
    _ll_shift_l                              0x080089e3   Thumb Code     0  llshl.o(.text)
    __aeabi_llsr                             0x08008a01   Thumb Code    32  llushr.o(.text)
    _ll_ushift_r                             0x08008a01   Thumb Code     0  llushr.o(.text)
    __I$use$fp                               0x08008a21   Thumb Code     0  iusefp.o(.text)
    _float_round                             0x08008a21   Thumb Code    18  fepilogue.o(.text)
    _float_epilogue                          0x08008a33   Thumb Code    92  fepilogue.o(.text)
    _double_round                            0x08008a8f   Thumb Code    30  depilogue.o(.text)
    _double_epilogue                         0x08008aad   Thumb Code   156  depilogue.o(.text)
    __aeabi_dadd                             0x08008b49   Thumb Code   322  dadd.o(.text)
    __aeabi_dsub                             0x08008c8b   Thumb Code     6  dadd.o(.text)
    __aeabi_drsub                            0x08008c91   Thumb Code     6  dadd.o(.text)
    __aeabi_dmul                             0x08008c97   Thumb Code   228  dmul.o(.text)
    __aeabi_ddiv                             0x08008d7b   Thumb Code   222  ddiv.o(.text)
    _dsqrt                                   0x08008e59   Thumb Code   162  dsqrt.o(.text)
    __aeabi_d2ulz                            0x08008efb   Thumb Code    48  dfixul.o(.text)
    __aeabi_cdrcmple                         0x08008f2d   Thumb Code    48  cdrcmple.o(.text)
    __scatterload                            0x08008f5d   Thumb Code    28  init.o(.text)
    __scatterload_rt2                        0x08008f5d   Thumb Code     0  init.o(.text)
    __aeabi_lasr                             0x08008f81   Thumb Code    36  llsshr.o(.text)
    _ll_sshift_r                             0x08008f81   Thumb Code     0  llsshr.o(.text)
    __0printf                                0x08008fa5   Thumb Code    22  printfa.o(i.__0printf)
    __1printf                                0x08008fa5   Thumb Code     0  printfa.o(i.__0printf)
    __2printf                                0x08008fa5   Thumb Code     0  printfa.o(i.__0printf)
    __c89printf                              0x08008fa5   Thumb Code     0  printfa.o(i.__0printf)
    printf                                   0x08008fa5   Thumb Code     0  printfa.o(i.__0printf)
    __0sprintf                               0x08008fc5   Thumb Code    34  printfa.o(i.__0sprintf)
    __1sprintf                               0x08008fc5   Thumb Code     0  printfa.o(i.__0sprintf)
    __2sprintf                               0x08008fc5   Thumb Code     0  printfa.o(i.__0sprintf)
    __c89sprintf                             0x08008fc5   Thumb Code     0  printfa.o(i.__0sprintf)
    sprintf                                  0x08008fc5   Thumb Code     0  printfa.o(i.__0sprintf)
    __scatterload_copy                       0x08008fed   Thumb Code    14  handlers.o(i.__scatterload_copy)
    __scatterload_null                       0x08008ffb   Thumb Code     2  handlers.o(i.__scatterload_null)
    __scatterload_zeroinit                   0x08008ffd   Thumb Code    14  handlers.o(i.__scatterload_zeroinit)
    __set_errno                              0x0800900d   Thumb Code     6  errno.o(i.__set_errno)
    sqrt                                     0x080098d5   Thumb Code    76  sqrt.o(i.sqrt)
    ASCII8x16_Table                          0x08009920   Data        1520  fonts.o(.constdata)
    ASCII16x24_Table                         0x08009f10   Data        4560  fonts.o(.constdata)
    Region$$Table$$Base                      0x0800b18c   Number         0  anon$$obj.o(Region$$Table)
    Region$$Table$$Limit                     0x0800b1ac   Number         0  anon$$obj.o(Region$$Table)
    SystemCoreClock                          0x20000000   Data           4  system_stm32f10x.o(.data)
    AHBPrescTable                            0x20000004   Data          16  system_stm32f10x.o(.data)
    res_sd                                   0x20000028   Data           1  main.o(.data)
    h                                        0x20000044   Data           4  main.o(.data)
    m                                        0x20000048   Data           4  main.o(.data)
    s                                        0x2000004c   Data           4  main.o(.data)
    Test_Queue                               0x20000050   Data           4  main.o(.data)
    fnum                                     0x20000054   Data           4  main.o(.data)
    ADC_ConvertedValueLocal                  0x20000058   Data           4  main.o(.data)
    value                                    0x2000005c   Data           4  main.o(.data)
    value1                                   0x20000060   Data           4  main.o(.data)
    TransferError                            0x20000064   Data           1  bsp_sdio_sdcard.o(.data)
    StopCondition                            0x20000070   Data           4  bsp_sdio_sdcard.o(.data)
    TransferEnd                              0x20000074   Data           4  bsp_sdio_sdcard.o(.data)
    ADC_ConvertedValue                       0x20000078   Data           2  bsp_adc.o(.data)
    Font8x16                                 0x20000080   Data           8  fonts.o(.data)
    Font16x24                                0x20000088   Data           8  fonts.o(.data)
    LCD_SCAN_MODE                            0x20000094   Data           1  bsp_ili9341_lcd.o(.data)
    LCD_X_LENGTH                             0x20000096   Data           2  bsp_ili9341_lcd.o(.data)
    LCD_Y_LENGTH                             0x20000098   Data           2  bsp_ili9341_lcd.o(.data)
    pxCurrentTCB                             0x200000b0   Data           4  tasks.o(.data)
    __stdout                                 0x20000110   Data           4  stdout.o(.data)
    fnew                                     0x20000118   Data        4132  main.o(.bss)
    fs                                       0x2000113c   Data        4144  main.o(.bss)
    A                                        0x200021d0   Data         800  main.o(.bss)
    SDCardInfo                               0x20002538   Data          88  bsp_sdio_sdcard.o(.bss)
    SDIO_InitStructure                       0x20002590   Data          24  bsp_sdio_sdcard.o(.bss)
    SDIO_CmdInitStructure                    0x200025a8   Data          20  bsp_sdio_sdcard.o(.bss)
    SDIO_DataInitStructure                   0x200025bc   Data          24  bsp_sdio_sdcard.o(.bss)
    zoomBuff                                 0x200025d4   Data       16384  bsp_ili9341_lcd.o(.bss)
    zoomTempBuff                             0x200065d4   Data        1024  bsp_ili9341_lcd.o(.bss)
    xQueueRegistry                           0x200069d4   Data          80  queue.o(.bss)
    __initial_sp                             0x2000ff08   Data           0  startup_stm32f10x_hd.o(STACK)



==============================================================================

Memory Map of the image

  Image Entry point : 0x08000131

  Load Region LR_IROM1 (Base: 0x08000000, Size: 0x0000b2c4, Max: 0x00080000, ABSOLUTE)

    Execution Region ER_IROM1 (Exec base: 0x08000000, Load base: 0x08000000, Size: 0x0000b1ac, Max: 0x00080000, ABSOLUTE)

    Exec Addr    Load Addr    Size         Type   Attr      Idx    E Section Name        Object

    0x08000000   0x08000000   0x00000130   Data   RO            3    RESET               startup_stm32f10x_hd.o
    0x08000130   0x08000130   0x00000000   Code   RO          914  * .ARM.Collect$$$$00000000  mc_w.l(entry.o)
    0x08000130   0x08000130   0x00000004   Code   RO         1194    .ARM.Collect$$$$00000001  mc_w.l(entry2.o)
    0x08000134   0x08000134   0x00000004   Code   RO         1197    .ARM.Collect$$$$00000004  mc_w.l(entry5.o)
    0x08000138   0x08000138   0x00000000   Code   RO         1199    .ARM.Collect$$$$00000008  mc_w.l(entry7b.o)
    0x08000138   0x08000138   0x00000000   Code   RO         1201    .ARM.Collect$$$$0000000A  mc_w.l(entry8b.o)
    0x08000138   0x08000138   0x00000008   Code   RO         1202    .ARM.Collect$$$$0000000B  mc_w.l(entry9a.o)
    0x08000140   0x08000140   0x00000000   Code   RO         1204    .ARM.Collect$$$$0000000D  mc_w.l(entry10a.o)
    0x08000140   0x08000140   0x00000000   Code   RO         1206    .ARM.Collect$$$$0000000F  mc_w.l(entry11a.o)
    0x08000140   0x08000140   0x00000004   Code   RO         1195    .ARM.Collect$$$$00002712  mc_w.l(entry2.o)
    0x08000144   0x08000144   0x00000096   Code   RO          875    .emb_text           port.o
    0x080001da   0x080001da   0x00000002   PAD
    0x080001dc   0x080001dc   0x00000024   Code   RO            4    .text               startup_stm32f10x_hd.o
    0x08000200   0x08000200   0x00000158   Code   RO           24    .text               system_stm32f10x.o
    0x08000358   0x08000358   0x000000b0   Code   RO          121    .text               misc.o
    0x08000408   0x08000408   0x00000330   Code   RO          137    .text               stm32f10x_adc.o
    0x08000738   0x08000738   0x000001c8   Code   RO          221    .text               stm32f10x_dma.o
    0x08000900   0x08000900   0x0000047c   Code   RO          258    .text               stm32f10x_fsmc.o
    0x08000d7c   0x08000d7c   0x00000264   Code   RO          270    .text               stm32f10x_gpio.o
    0x08000fe0   0x08000fe0   0x000002b8   Code   RO          318    .text               stm32f10x_rcc.o
    0x08001298   0x08001298   0x000001ac   Code   RO          345    .text               stm32f10x_sdio.o
    0x08001444   0x08001444   0x00000274   Code   RO          357    .text               stm32f10x_spi.o
    0x080016b8   0x080016b8   0x00000328   Code   RO          382    .text               stm32f10x_usart.o
    0x080019e0   0x080019e0   0x000005c4   Code   RO          406    .text               main.o
    0x08001fa4   0x08001fa4   0x0000003e   Code   RO          508    .text               stm32f10x_it.o
    0x08001fe2   0x08001fe2   0x00000002   PAD
    0x08001fe4   0x08001fe4   0x00000060   Code   RO          535    .text               bsp_led.o
    0x08002044   0x08002044   0x0000017c   Code   RO          550    .text               bsp_usart.o
    0x080021c0   0x080021c0   0x0000005c   Code   RO          567    .text               bsp_key.o
    0x0800221c   0x0800221c   0x00001242   Code   RO          579    .text               bsp_sdio_sdcard.o
    0x0800345e   0x0800345e   0x00000002   PAD
    0x08003460   0x08003460   0x000000f8   Code   RO          596    .text               bsp_adc.o
    0x08003558   0x08003558   0x00000038   Code   RO          614    .text               bsp_beep.o
    0x08003590   0x08003590   0x000004e0   Code   RO          626    .text               bsp_spi_flash.o
    0x08003a70   0x08003a70   0x0000004c   Code   RO          641    .text               fonts.o
    0x08003abc   0x08003abc   0x00000d9c   Code   RO          665    .text               bsp_ili9341_lcd.o
    0x08004858   0x08004858   0x00000154   Code   RO          694    .text               diskio.o
    0x080049ac   0x080049ac   0x000020d0   Code   RO          716    .text               ff.o
    0x08006a7c   0x08006a7c   0x00000088   Code   RO          791    .text               list.o
    0x08006b04   0x08006b04   0x0000086c   Code   RO          803    .text               queue.o
    0x08007370   0x08007370   0x000010c0   Code   RO          822    .text               tasks.o
    0x08008430   0x08008430   0x00000214   Code   RO          860    .text               heap_4.o
    0x08008644   0x08008644   0x000001f4   Code   RO          876    .text               port.o
    0x08008838   0x08008838   0x00000062   Code   RO          917    .text               mc_w.l(uldiv.o)
    0x0800889a   0x0800889a   0x00000024   Code   RO          919    .text               mc_w.l(memcpya.o)
    0x080088be   0x080088be   0x0000007c   Code   RO         1184    .text               mf_w.l(fdiv.o)
    0x0800893a   0x0800893a   0x0000000a   Code   RO         1186    .text               mf_w.l(ffltui.o)
    0x08008944   0x08008944   0x0000001a   Code   RO         1188    .text               mf_w.l(dfltui.o)
    0x0800895e   0x0800895e   0x00000032   Code   RO         1190    .text               mf_w.l(dfixui.o)
    0x08008990   0x08008990   0x00000026   Code   RO         1192    .text               mf_w.l(f2d.o)
    0x080089b6   0x080089b6   0x0000002c   Code   RO         1209    .text               mc_w.l(uidiv.o)
    0x080089e2   0x080089e2   0x0000001e   Code   RO         1211    .text               mc_w.l(llshl.o)
    0x08008a00   0x08008a00   0x00000020   Code   RO         1213    .text               mc_w.l(llushr.o)
    0x08008a20   0x08008a20   0x00000000   Code   RO         1222    .text               mc_w.l(iusefp.o)
    0x08008a20   0x08008a20   0x0000006e   Code   RO         1223    .text               mf_w.l(fepilogue.o)
    0x08008a8e   0x08008a8e   0x000000ba   Code   RO         1225    .text               mf_w.l(depilogue.o)
    0x08008b48   0x08008b48   0x0000014e   Code   RO         1227    .text               mf_w.l(dadd.o)
    0x08008c96   0x08008c96   0x000000e4   Code   RO         1229    .text               mf_w.l(dmul.o)
    0x08008d7a   0x08008d7a   0x000000de   Code   RO         1231    .text               mf_w.l(ddiv.o)
    0x08008e58   0x08008e58   0x000000a2   Code   RO         1233    .text               mf_w.l(dsqrt.o)
    0x08008efa   0x08008efa   0x00000030   Code   RO         1235    .text               mf_w.l(dfixul.o)
    0x08008f2a   0x08008f2a   0x00000002   PAD
    0x08008f2c   0x08008f2c   0x00000030   Code   RO         1239    .text               mf_w.l(cdrcmple.o)
    0x08008f5c   0x08008f5c   0x00000024   Code   RO         1241    .text               mc_w.l(init.o)
    0x08008f80   0x08008f80   0x00000024   Code   RO         1243    .text               mc_w.l(llsshr.o)
    0x08008fa4   0x08008fa4   0x00000020   Code   RO         1156    i.__0printf         mc_w.l(printfa.o)
    0x08008fc4   0x08008fc4   0x00000028   Code   RO         1158    i.__0sprintf        mc_w.l(printfa.o)
    0x08008fec   0x08008fec   0x0000000e   Code   RO         1247    i.__scatterload_copy  mc_w.l(handlers.o)
    0x08008ffa   0x08008ffa   0x00000002   Code   RO         1248    i.__scatterload_null  mc_w.l(handlers.o)
    0x08008ffc   0x08008ffc   0x0000000e   Code   RO         1249    i.__scatterload_zeroinit  mc_w.l(handlers.o)
    0x0800900a   0x0800900a   0x00000002   PAD
    0x0800900c   0x0800900c   0x0000000c   Code   RO         1217    i.__set_errno       mc_w.l(errno.o)
    0x08009018   0x08009018   0x00000184   Code   RO         1163    i._fp_digits        mc_w.l(printfa.o)
    0x0800919c   0x0800919c   0x000006dc   Code   RO         1164    i._printf_core      mc_w.l(printfa.o)
    0x08009878   0x08009878   0x00000024   Code   RO         1165    i._printf_post_padding  mc_w.l(printfa.o)
    0x0800989c   0x0800989c   0x0000002e   Code   RO         1166    i._printf_pre_padding  mc_w.l(printfa.o)
    0x080098ca   0x080098ca   0x0000000a   Code   RO         1168    i._sputc            mc_w.l(printfa.o)
    0x080098d4   0x080098d4   0x0000004c   Code   RO          907    i.sqrt              m_ws.l(sqrt.o)
    0x08009920   0x08009920   0x000005f0   Data   RO          642    .constdata          fonts.o
    0x08009f10   0x08009f10   0x000011d0   Data   RO          643    .constdata          fonts.o
    0x0800b0e0   0x0800b0e0   0x000000ac   Data   RO          717    .constdata          ff.o
    0x0800b18c   0x0800b18c   0x00000020   Data   RO         1245    Region$$Table       anon$$obj.o


    Execution Region RW_IRAM1 (Exec base: 0x20000000, Load base: 0x0800b1ac, Size: 0x0000ff08, Max: 0x00010000, ABSOLUTE)

    Exec Addr    Load Addr    Size         Type   Attr      Idx    E Section Name        Object

    0x20000000   0x0800b1ac   0x00000014   Data   RW           25    .data               system_stm32f10x.o
    0x20000014   0x0800b1c0   0x00000014   Data   RW          319    .data               stm32f10x_rcc.o
    0x20000028   0x0800b1d4   0x0000003c   Data   RW          408    .data               main.o
    0x20000064   0x0800b210   0x00000014   Data   RW          581    .data               bsp_sdio_sdcard.o
    0x20000078   0x0800b224   0x00000002   Data   RW          597    .data               bsp_adc.o
    0x2000007a   0x0800b226   0x00000002   PAD
    0x2000007c   0x0800b228   0x00000004   Data   RW          627    .data               bsp_spi_flash.o
    0x20000080   0x0800b22c   0x00000008   Data   RW          645    .data               fonts.o
    0x20000088   0x0800b234   0x00000008   Data   RW          646    .data               fonts.o
    0x20000090   0x0800b23c   0x00000001   Data   RW          648    .data               fonts.o
    0x20000091   0x0800b23d   0x00000003   PAD
    0x20000094   0x0800b240   0x00000010   Data   RW          667    .data               bsp_ili9341_lcd.o
    0x200000a4   0x0800b250   0x0000000c   Data   RW          718    .data               ff.o
    0x200000b0   0x0800b25c   0x0000003c   Data   RW          824    .data               tasks.o
    0x200000ec   0x0800b298   0x00000018   Data   RW          862    .data               heap_4.o
    0x20000104   0x0800b2b0   0x0000000c   Data   RW          877    .data               port.o
    0x20000110   0x0800b2bc   0x00000004   Data   RW         1208    .data               mc_w.l(stdout.o)
    0x20000114   0x0800b2c0   0x00000004   Data   RW         1218    .data               mc_w.l(errno.o)
    0x20000118        -       0x000023ec   Zero   RW          407    .bss                main.o
    0x20002504   0x0800b2c4   0x00000004   PAD
    0x20002508        -       0x000000cc   Zero   RW          580    .bss                bsp_sdio_sdcard.o
    0x200025d4        -       0x00004400   Zero   RW          666    .bss                bsp_ili9341_lcd.o
    0x200069d4        -       0x00000050   Zero   RW          804    .bss                queue.o
    0x20006a24        -       0x000002e4   Zero   RW          823    .bss                tasks.o
    0x20006d08        -       0x00009000   Zero   RW          861    .bss                heap_4.o
    0x2000fd08        -       0x00000200   Zero   RW            1    STACK               startup_stm32f10x_hd.o


==============================================================================

Image component sizes


      Code (inc. data)   RO Data    RW Data    ZI Data      Debug   Object Name

       248         16          0          2          0       1637   bsp_adc.o
        56          6          0          0          0        579   bsp_beep.o
      3484         62          0         16      17408      19789   bsp_ili9341_lcd.o
        92          8          0          0          0       1211   bsp_key.o
        96          4          0          0          0        594   bsp_led.o
      4674         92          0         20        204      17670   bsp_sdio_sdcard.o
      1248        122          0          4          0       5650   bsp_spi_flash.o
       380         10          0          0          0       4044   bsp_usart.o
         0          0          0          0          0       4508   core_cm3.o
       340         10          0          0          0       4663   diskio.o
         0          0          0          0          0       1472   event_groups.o
      8400        104        172         12          0      36274   ff.o
        76          8       6080         17          0       2539   fonts.o
       532         66          0         24      36864       3616   heap_4.o
       136          0          0          0          0       1966   list.o
      1476        470          0         60       9196      26576   main.o
       176         14          0          0          0       2045   misc.o
       650         90          0         12          0       8017   port.o
      2156         58          0          0         80      13080   queue.o
        36          8        304          0        512        920   startup_stm32f10x_hd.o
       816         24          0          0          0      11497   stm32f10x_adc.o
       456         10          0          0          0       4802   stm32f10x_dma.o
      1148          6          0          0          0       6007   stm32f10x_fsmc.o
       612         36          0          0          0       6173   stm32f10x_gpio.o
        62          0          0          0          0       9643   stm32f10x_it.o
       696         32          0         20          0       9220   stm32f10x_rcc.o
       428         18          0          0          0       7360   stm32f10x_sdio.o
       628         14          0          0          0       7190   stm32f10x_spi.o
       808         22          0          0          0       9040   stm32f10x_usart.o
       344         34          0         20          0     273819   system_stm32f10x.o
      4288        176          0         60        740      30311   tasks.o

    ----------------------------------------------------------------------
     34548       1520       6588        272      65008     531912   Object Totals
         0          0         32          0          0          0   (incl. Generated)
         6          0          0          5          4          0   (incl. Padding)

    ----------------------------------------------------------------------

      Code (inc. data)   RO Data    RW Data    ZI Data      Debug   Library Member Name

        76          0          0          0          0         84   sqrt.o
         0          0          0          0          0          0   entry.o
         0          0          0          0          0          0   entry10a.o
         0          0          0          0          0          0   entry11a.o
         8          4          0          0          0          0   entry2.o
         4          0          0          0          0          0   entry5.o
         0          0          0          0          0          0   entry7b.o
         0          0          0          0          0          0   entry8b.o
         8          4          0          0          0          0   entry9a.o
        12          6          0          4          0         68   errno.o
        30          0          0          0          0          0   handlers.o
        36          8          0          0          0         68   init.o
         0          0          0          0          0          0   iusefp.o
        30          0          0          0          0         68   llshl.o
        36          0          0          0          0         68   llsshr.o
        32          0          0          0          0         68   llushr.o
        36          0          0          0          0         68   memcpya.o
      2308         96          0          0          0        604   printfa.o
         0          0          0          4          0          0   stdout.o
        44          0          0          0          0         80   uidiv.o
        98          0          0          0          0         92   uldiv.o
        48          0          0          0          0         68   cdrcmple.o
       334          0          0          0          0        148   dadd.o
       222          0          0          0          0        100   ddiv.o
       186          0          0          0          0        176   depilogue.o
        50          0          0          0          0         76   dfixui.o
        48          0          0          0          0         68   dfixul.o
        26          0          0          0          0         76   dfltui.o
       228          0          0          0          0         96   dmul.o
       162          0          0          0          0        100   dsqrt.o
        38          0          0          0          0         68   f2d.o
       124          0          0          0          0         88   fdiv.o
       110          0          0          0          0        168   fepilogue.o
        10          0          0          0          0         68   ffltui.o

    ----------------------------------------------------------------------
      4348        118          0          8          0       2568   Library Totals
         4          0          0          0          0          0   (incl. Padding)

    ----------------------------------------------------------------------

      Code (inc. data)   RO Data    RW Data    ZI Data      Debug   Library Name

        76          0          0          0          0         84   m_ws.l
      2682        118          0          8          0       1184   mc_w.l
      1586          0          0          0          0       1300   mf_w.l

    ----------------------------------------------------------------------
      4348        118          0          8          0       2568   Library Totals

    ----------------------------------------------------------------------

==============================================================================


      Code (inc. data)   RO Data    RW Data    ZI Data      Debug   

     38896       1638       6588        280      65008     529276   Grand Totals
     38896       1638       6588        280      65008     529276   ELF Image Totals
     38896       1638       6588        280          0          0   ROM Totals

==============================================================================

    Total RO  Size (Code + RO Data)                45484 (  44.42kB)
    Total RW  Size (RW Data + ZI Data)             65288 (  63.76kB)
    Total ROM Size (Code + RO Data + RW Data)      45764 (  44.69kB)

==============================================================================

